// Jest Snapshot v1, https://goo.gl/fbAQLP

exports[`Snapshot test 1`] = `
Object {
  "asFragment": [Function],
  "baseElement": <body>
    <div>
      (
      <div
        class="makeStyles-root-1"
      >
        <div
          class="makeStyles-errorPage-6"
        >
          <div
            class="MuiPaper-root makeStyles-details-13 makeStyles-gridItem-9 MuiPaper-elevation5 MuiPaper-rounded"
          >
            <div
              class="makeStyles-title-14"
            >
              <h2
                class="MuiTypography-root MuiTypography-h5 MuiTypography-colorError"
              >
                No movies
              </h2>
              <hr
                class="MuiDivider-root"
              />
            </div>
            <div
              class="makeStyles-description-15"
            >
              This might be because:
            </div>
            <div
              class="makeStyles-bottomInfo-16"
            >
              <ul>
                <li>
                  <p
                    class="MuiTypography-root MuiTypography-body1 MuiTypography-colorError"
                  >
                    You may not be on the NTNU network or your VPN is off
                  </p>
                </li>
                <li>
                  <p
                    class="MuiTypography-root MuiTypography-body1 MuiTypography-colorError"
                  >
                    We do not have the movie you're looking for
                  </p>
                </li>
              </ul>
            </div>
            <a
              href="https://www.youtube.com/watch?v=oHg5SJYRHA0"
            >
              Maybe this can help
            </a>
          </div>
        </div>
        <div
          class="makeStyles-moviePage-7"
        >
          <div
            class="makeStyles-main-2"
          >
            <nav
              aria-label="pagination navigation"
              class="MuiPagination-root"
            >
              <ul
                class="MuiPagination-ul"
              >
                <li>
                  <button
                    aria-label="Go to previous page"
                    class="MuiButtonBase-root MuiPaginationItem-root MuiPaginationItem-page MuiPaginationItem-textPrimary Mui-disabled MuiPaginationItem-sizeLarge Mui-disabled"
                    disabled=""
                    tabindex="-1"
                    type="button"
                  >
                    <svg
                      aria-hidden="true"
                      class="MuiSvgIcon-root MuiPaginationItem-icon"
                      focusable="false"
                      viewBox="0 0 24 24"
                    >
                      <path
                        d="M15.41 7.41L14 6l-6 6 6 6 1.41-1.41L10.83 12z"
                      />
                    </svg>
                  </button>
                </li>
                <li>
                  <button
                    aria-label="Go to next page"
                    class="MuiButtonBase-root MuiPaginationItem-root MuiPaginationItem-page MuiPaginationItem-textPrimary Mui-disabled MuiPaginationItem-sizeLarge Mui-disabled"
                    disabled=""
                    tabindex="-1"
                    type="button"
                  >
                    <svg
                      aria-hidden="true"
                      class="MuiSvgIcon-root MuiPaginationItem-icon"
                      focusable="false"
                      viewBox="0 0 24 24"
                    >
                      <path
                        d="M10 6L8.59 7.41 13.17 12l-4.58 4.59L10 18l6-6z"
                      />
                    </svg>
                  </button>
                </li>
              </ul>
            </nav>
            <div
              class="MuiGrid-root makeStyles-movieGrid-4 MuiGrid-container MuiGrid-spacing-xs-4 MuiGrid-justify-xs-center"
            >
              <div
                class="MuiGrid-root makeStyles-gridItem-9 MuiGrid-item"
              >
                <div
                  class="MuiPaper-root makeStyles-paper-11 MuiPaper-elevation1 MuiPaper-rounded"
                >
                  <span
                    class="MuiSkeleton-root MuiSkeleton-rect MuiSkeleton-pulse"
                    style="width: 300px; height: 450px;"
                  />
                  <div
                    class="makeStyles-details-13"
                  >
                    <span
                      class="MuiSkeleton-root MuiSkeleton-text MuiSkeleton-wave"
                      style="width: 180px; height: 40px; margin: 10px;"
                    />
                    <span
                      class="MuiSkeleton-root MuiSkeleton-text MuiSkeleton-wave"
                      style="width: 200px; height: 2px; margin: 10px;"
                    />
                    <span
                      class="MuiSkeleton-root MuiSkeleton-text MuiSkeleton-wave"
                      style="width: 170px; height: 40px; margin: 10px;"
                    />
                    <span
                      class="MuiSkeleton-root MuiSkeleton-text MuiSkeleton-wave"
                      style="width: 130px; height: 40px; margin: 10px;"
                    />
                  </div>
                </div>
              </div>
              <div
                class="MuiGrid-root makeStyles-gridItem-9 MuiGrid-item"
              >
                <div
                  class="MuiPaper-root makeStyles-paper-11 MuiPaper-elevation1 MuiPaper-rounded"
                >
                  <span
                    class="MuiSkeleton-root MuiSkeleton-rect MuiSkeleton-pulse"
                    style="width: 300px; height: 450px;"
                  />
                  <div
                    class="makeStyles-details-13"
                  >
                    <span
                      class="MuiSkeleton-root MuiSkeleton-text MuiSkeleton-wave"
                      style="width: 180px; height: 40px; margin: 10px;"
                    />
                    <span
                      class="MuiSkeleton-root MuiSkeleton-text MuiSkeleton-wave"
                      style="width: 200px; height: 2px; margin: 10px;"
                    />
                    <span
                      class="MuiSkeleton-root MuiSkeleton-text MuiSkeleton-wave"
                      style="width: 170px; height: 40px; margin: 10px;"
                    />
                    <span
                      class="MuiSkeleton-root MuiSkeleton-text MuiSkeleton-wave"
                      style="width: 130px; height: 40px; margin: 10px;"
                    />
                  </div>
                </div>
              </div>
              <div
                class="MuiGrid-root makeStyles-gridItem-9 MuiGrid-item"
              >
                <div
                  class="MuiPaper-root makeStyles-paper-11 MuiPaper-elevation1 MuiPaper-rounded"
                >
                  <span
                    class="MuiSkeleton-root MuiSkeleton-rect MuiSkeleton-pulse"
                    style="width: 300px; height: 450px;"
                  />
                  <div
                    class="makeStyles-details-13"
                  >
                    <span
                      class="MuiSkeleton-root MuiSkeleton-text MuiSkeleton-wave"
                      style="width: 180px; height: 40px; margin: 10px;"
                    />
                    <span
                      class="MuiSkeleton-root MuiSkeleton-text MuiSkeleton-wave"
                      style="width: 200px; height: 2px; margin: 10px;"
                    />
                    <span
                      class="MuiSkeleton-root MuiSkeleton-text MuiSkeleton-wave"
                      style="width: 170px; height: 40px; margin: 10px;"
                    />
                    <span
                      class="MuiSkeleton-root MuiSkeleton-text MuiSkeleton-wave"
                      style="width: 130px; height: 40px; margin: 10px;"
                    />
                  </div>
                </div>
              </div>
              <div
                class="MuiGrid-root makeStyles-gridItem-9 MuiGrid-item"
              >
                <div
                  class="MuiPaper-root makeStyles-paper-11 MuiPaper-elevation1 MuiPaper-rounded"
                >
                  <span
                    class="MuiSkeleton-root MuiSkeleton-rect MuiSkeleton-pulse"
                    style="width: 300px; height: 450px;"
                  />
                  <div
                    class="makeStyles-details-13"
                  >
                    <span
                      class="MuiSkeleton-root MuiSkeleton-text MuiSkeleton-wave"
                      style="width: 180px; height: 40px; margin: 10px;"
                    />
                    <span
                      class="MuiSkeleton-root MuiSkeleton-text MuiSkeleton-wave"
                      style="width: 200px; height: 2px; margin: 10px;"
                    />
                    <span
                      class="MuiSkeleton-root MuiSkeleton-text MuiSkeleton-wave"
                      style="width: 170px; height: 40px; margin: 10px;"
                    />
                    <span
                      class="MuiSkeleton-root MuiSkeleton-text MuiSkeleton-wave"
                      style="width: 130px; height: 40px; margin: 10px;"
                    />
                  </div>
                </div>
              </div>
              <div
                class="MuiGrid-root makeStyles-gridItem-9 MuiGrid-item"
              >
                <div
                  class="MuiPaper-root makeStyles-paper-11 MuiPaper-elevation1 MuiPaper-rounded"
                >
                  <span
                    class="MuiSkeleton-root MuiSkeleton-rect MuiSkeleton-pulse"
                    style="width: 300px; height: 450px;"
                  />
                  <div
                    class="makeStyles-details-13"
                  >
                    <span
                      class="MuiSkeleton-root MuiSkeleton-text MuiSkeleton-wave"
                      style="width: 180px; height: 40px; margin: 10px;"
                    />
                    <span
                      class="MuiSkeleton-root MuiSkeleton-text MuiSkeleton-wave"
                      style="width: 200px; height: 2px; margin: 10px;"
                    />
                    <span
                      class="MuiSkeleton-root MuiSkeleton-text MuiSkeleton-wave"
                      style="width: 170px; height: 40px; margin: 10px;"
                    />
                    <span
                      class="MuiSkeleton-root MuiSkeleton-text MuiSkeleton-wave"
                      style="width: 130px; height: 40px; margin: 10px;"
                    />
                  </div>
                </div>
              </div>
              <div
                class="MuiGrid-root makeStyles-gridItem-9 MuiGrid-item"
              >
                <div
                  class="MuiPaper-root makeStyles-paper-11 MuiPaper-elevation1 MuiPaper-rounded"
                >
                  <span
                    class="MuiSkeleton-root MuiSkeleton-rect MuiSkeleton-pulse"
                    style="width: 300px; height: 450px;"
                  />
                  <div
                    class="makeStyles-details-13"
                  >
                    <span
                      class="MuiSkeleton-root MuiSkeleton-text MuiSkeleton-wave"
                      style="width: 180px; height: 40px; margin: 10px;"
                    />
                    <span
                      class="MuiSkeleton-root MuiSkeleton-text MuiSkeleton-wave"
                      style="width: 200px; height: 2px; margin: 10px;"
                    />
                    <span
                      class="MuiSkeleton-root MuiSkeleton-text MuiSkeleton-wave"
                      style="width: 170px; height: 40px; margin: 10px;"
                    />
                    <span
                      class="MuiSkeleton-root MuiSkeleton-text MuiSkeleton-wave"
                      style="width: 130px; height: 40px; margin: 10px;"
                    />
                  </div>
                </div>
              </div>
              <div
                class="MuiGrid-root makeStyles-gridItem-9 MuiGrid-item"
              >
                <div
                  class="MuiPaper-root makeStyles-paper-11 MuiPaper-elevation1 MuiPaper-rounded"
                >
                  <span
                    class="MuiSkeleton-root MuiSkeleton-rect MuiSkeleton-pulse"
                    style="width: 300px; height: 450px;"
                  />
                  <div
                    class="makeStyles-details-13"
                  >
                    <span
                      class="MuiSkeleton-root MuiSkeleton-text MuiSkeleton-wave"
                      style="width: 180px; height: 40px; margin: 10px;"
                    />
                    <span
                      class="MuiSkeleton-root MuiSkeleton-text MuiSkeleton-wave"
                      style="width: 200px; height: 2px; margin: 10px;"
                    />
                    <span
                      class="MuiSkeleton-root MuiSkeleton-text MuiSkeleton-wave"
                      style="width: 170px; height: 40px; margin: 10px;"
                    />
                    <span
                      class="MuiSkeleton-root MuiSkeleton-text MuiSkeleton-wave"
                      style="width: 130px; height: 40px; margin: 10px;"
                    />
                  </div>
                </div>
              </div>
              <div
                class="MuiGrid-root makeStyles-gridItem-9 MuiGrid-item"
              >
                <div
                  class="MuiPaper-root makeStyles-paper-11 MuiPaper-elevation1 MuiPaper-rounded"
                >
                  <span
                    class="MuiSkeleton-root MuiSkeleton-rect MuiSkeleton-pulse"
                    style="width: 300px; height: 450px;"
                  />
                  <div
                    class="makeStyles-details-13"
                  >
                    <span
                      class="MuiSkeleton-root MuiSkeleton-text MuiSkeleton-wave"
                      style="width: 180px; height: 40px; margin: 10px;"
                    />
                    <span
                      class="MuiSkeleton-root MuiSkeleton-text MuiSkeleton-wave"
                      style="width: 200px; height: 2px; margin: 10px;"
                    />
                    <span
                      class="MuiSkeleton-root MuiSkeleton-text MuiSkeleton-wave"
                      style="width: 170px; height: 40px; margin: 10px;"
                    />
                    <span
                      class="MuiSkeleton-root MuiSkeleton-text MuiSkeleton-wave"
                      style="width: 130px; height: 40px; margin: 10px;"
                    />
                  </div>
                </div>
              </div>
              <div
                class="MuiGrid-root makeStyles-gridItem-9 MuiGrid-item"
              >
                <div
                  class="MuiPaper-root makeStyles-paper-11 MuiPaper-elevation1 MuiPaper-rounded"
                >
                  <span
                    class="MuiSkeleton-root MuiSkeleton-rect MuiSkeleton-pulse"
                    style="width: 300px; height: 450px;"
                  />
                  <div
                    class="makeStyles-details-13"
                  >
                    <span
                      class="MuiSkeleton-root MuiSkeleton-text MuiSkeleton-wave"
                      style="width: 180px; height: 40px; margin: 10px;"
                    />
                    <span
                      class="MuiSkeleton-root MuiSkeleton-text MuiSkeleton-wave"
                      style="width: 200px; height: 2px; margin: 10px;"
                    />
                    <span
                      class="MuiSkeleton-root MuiSkeleton-text MuiSkeleton-wave"
                      style="width: 170px; height: 40px; margin: 10px;"
                    />
                    <span
                      class="MuiSkeleton-root MuiSkeleton-text MuiSkeleton-wave"
                      style="width: 130px; height: 40px; margin: 10px;"
                    />
                  </div>
                </div>
              </div>
              <div
                class="MuiGrid-root makeStyles-gridItem-9 MuiGrid-item"
              >
                <div
                  class="MuiPaper-root makeStyles-paper-11 MuiPaper-elevation1 MuiPaper-rounded"
                >
                  <span
                    class="MuiSkeleton-root MuiSkeleton-rect MuiSkeleton-pulse"
                    style="width: 300px; height: 450px;"
                  />
                  <div
                    class="makeStyles-details-13"
                  >
                    <span
                      class="MuiSkeleton-root MuiSkeleton-text MuiSkeleton-wave"
                      style="width: 180px; height: 40px; margin: 10px;"
                    />
                    <span
                      class="MuiSkeleton-root MuiSkeleton-text MuiSkeleton-wave"
                      style="width: 200px; height: 2px; margin: 10px;"
                    />
                    <span
                      class="MuiSkeleton-root MuiSkeleton-text MuiSkeleton-wave"
                      style="width: 170px; height: 40px; margin: 10px;"
                    />
                    <span
                      class="MuiSkeleton-root MuiSkeleton-text MuiSkeleton-wave"
                      style="width: 130px; height: 40px; margin: 10px;"
                    />
                  </div>
                </div>
              </div>
              <div
                class="MuiGrid-root makeStyles-gridItem-9 MuiGrid-item"
              >
                <div
                  class="MuiPaper-root makeStyles-paper-11 MuiPaper-elevation1 MuiPaper-rounded"
                >
                  <span
                    class="MuiSkeleton-root MuiSkeleton-rect MuiSkeleton-pulse"
                    style="width: 300px; height: 450px;"
                  />
                  <div
                    class="makeStyles-details-13"
                  >
                    <span
                      class="MuiSkeleton-root MuiSkeleton-text MuiSkeleton-wave"
                      style="width: 180px; height: 40px; margin: 10px;"
                    />
                    <span
                      class="MuiSkeleton-root MuiSkeleton-text MuiSkeleton-wave"
                      style="width: 200px; height: 2px; margin: 10px;"
                    />
                    <span
                      class="MuiSkeleton-root MuiSkeleton-text MuiSkeleton-wave"
                      style="width: 170px; height: 40px; margin: 10px;"
                    />
                    <span
                      class="MuiSkeleton-root MuiSkeleton-text MuiSkeleton-wave"
                      style="width: 130px; height: 40px; margin: 10px;"
                    />
                  </div>
                </div>
              </div>
              <div
                class="MuiGrid-root makeStyles-gridItem-9 MuiGrid-item"
              >
                <div
                  class="MuiPaper-root makeStyles-paper-11 MuiPaper-elevation1 MuiPaper-rounded"
                >
                  <span
                    class="MuiSkeleton-root MuiSkeleton-rect MuiSkeleton-pulse"
                    style="width: 300px; height: 450px;"
                  />
                  <div
                    class="makeStyles-details-13"
                  >
                    <span
                      class="MuiSkeleton-root MuiSkeleton-text MuiSkeleton-wave"
                      style="width: 180px; height: 40px; margin: 10px;"
                    />
                    <span
                      class="MuiSkeleton-root MuiSkeleton-text MuiSkeleton-wave"
                      style="width: 200px; height: 2px; margin: 10px;"
                    />
                    <span
                      class="MuiSkeleton-root MuiSkeleton-text MuiSkeleton-wave"
                      style="width: 170px; height: 40px; margin: 10px;"
                    />
                    <span
                      class="MuiSkeleton-root MuiSkeleton-text MuiSkeleton-wave"
                      style="width: 130px; height: 40px; margin: 10px;"
                    />
                  </div>
                </div>
              </div>
              <div
                class="MuiGrid-root makeStyles-gridItem-9 MuiGrid-item"
              >
                <div
                  class="MuiPaper-root makeStyles-paper-11 MuiPaper-elevation1 MuiPaper-rounded"
                >
                  <span
                    class="MuiSkeleton-root MuiSkeleton-rect MuiSkeleton-pulse"
                    style="width: 300px; height: 450px;"
                  />
                  <div
                    class="makeStyles-details-13"
                  >
                    <span
                      class="MuiSkeleton-root MuiSkeleton-text MuiSkeleton-wave"
                      style="width: 180px; height: 40px; margin: 10px;"
                    />
                    <span
                      class="MuiSkeleton-root MuiSkeleton-text MuiSkeleton-wave"
                      style="width: 200px; height: 2px; margin: 10px;"
                    />
                    <span
                      class="MuiSkeleton-root MuiSkeleton-text MuiSkeleton-wave"
                      style="width: 170px; height: 40px; margin: 10px;"
                    />
                    <span
                      class="MuiSkeleton-root MuiSkeleton-text MuiSkeleton-wave"
                      style="width: 130px; height: 40px; margin: 10px;"
                    />
                  </div>
                </div>
              </div>
              <div
                class="MuiGrid-root makeStyles-gridItem-9 MuiGrid-item"
              >
                <div
                  class="MuiPaper-root makeStyles-paper-11 MuiPaper-elevation1 MuiPaper-rounded"
                >
                  <span
                    class="MuiSkeleton-root MuiSkeleton-rect MuiSkeleton-pulse"
                    style="width: 300px; height: 450px;"
                  />
                  <div
                    class="makeStyles-details-13"
                  >
                    <span
                      class="MuiSkeleton-root MuiSkeleton-text MuiSkeleton-wave"
                      style="width: 180px; height: 40px; margin: 10px;"
                    />
                    <span
                      class="MuiSkeleton-root MuiSkeleton-text MuiSkeleton-wave"
                      style="width: 200px; height: 2px; margin: 10px;"
                    />
                    <span
                      class="MuiSkeleton-root MuiSkeleton-text MuiSkeleton-wave"
                      style="width: 170px; height: 40px; margin: 10px;"
                    />
                    <span
                      class="MuiSkeleton-root MuiSkeleton-text MuiSkeleton-wave"
                      style="width: 130px; height: 40px; margin: 10px;"
                    />
                  </div>
                </div>
              </div>
              <div
                class="MuiGrid-root makeStyles-gridItem-9 MuiGrid-item"
              >
                <div
                  class="MuiPaper-root makeStyles-paper-11 MuiPaper-elevation1 MuiPaper-rounded"
                >
                  <span
                    class="MuiSkeleton-root MuiSkeleton-rect MuiSkeleton-pulse"
                    style="width: 300px; height: 450px;"
                  />
                  <div
                    class="makeStyles-details-13"
                  >
                    <span
                      class="MuiSkeleton-root MuiSkeleton-text MuiSkeleton-wave"
                      style="width: 180px; height: 40px; margin: 10px;"
                    />
                    <span
                      class="MuiSkeleton-root MuiSkeleton-text MuiSkeleton-wave"
                      style="width: 200px; height: 2px; margin: 10px;"
                    />
                    <span
                      class="MuiSkeleton-root MuiSkeleton-text MuiSkeleton-wave"
                      style="width: 170px; height: 40px; margin: 10px;"
                    />
                    <span
                      class="MuiSkeleton-root MuiSkeleton-text MuiSkeleton-wave"
                      style="width: 130px; height: 40px; margin: 10px;"
                    />
                  </div>
                </div>
              </div>
              <div
                class="MuiGrid-root makeStyles-gridItem-9 MuiGrid-item"
              >
                <div
                  class="MuiPaper-root makeStyles-paper-11 MuiPaper-elevation1 MuiPaper-rounded"
                >
                  <span
                    class="MuiSkeleton-root MuiSkeleton-rect MuiSkeleton-pulse"
                    style="width: 300px; height: 450px;"
                  />
                  <div
                    class="makeStyles-details-13"
                  >
                    <span
                      class="MuiSkeleton-root MuiSkeleton-text MuiSkeleton-wave"
                      style="width: 180px; height: 40px; margin: 10px;"
                    />
                    <span
                      class="MuiSkeleton-root MuiSkeleton-text MuiSkeleton-wave"
                      style="width: 200px; height: 2px; margin: 10px;"
                    />
                    <span
                      class="MuiSkeleton-root MuiSkeleton-text MuiSkeleton-wave"
                      style="width: 170px; height: 40px; margin: 10px;"
                    />
                    <span
                      class="MuiSkeleton-root MuiSkeleton-text MuiSkeleton-wave"
                      style="width: 130px; height: 40px; margin: 10px;"
                    />
                  </div>
                </div>
              </div>
              <div
                class="MuiGrid-root makeStyles-gridItem-9 MuiGrid-item"
              >
                <div
                  class="MuiPaper-root makeStyles-paper-11 MuiPaper-elevation1 MuiPaper-rounded"
                >
                  <span
                    class="MuiSkeleton-root MuiSkeleton-rect MuiSkeleton-pulse"
                    style="width: 300px; height: 450px;"
                  />
                  <div
                    class="makeStyles-details-13"
                  >
                    <span
                      class="MuiSkeleton-root MuiSkeleton-text MuiSkeleton-wave"
                      style="width: 180px; height: 40px; margin: 10px;"
                    />
                    <span
                      class="MuiSkeleton-root MuiSkeleton-text MuiSkeleton-wave"
                      style="width: 200px; height: 2px; margin: 10px;"
                    />
                    <span
                      class="MuiSkeleton-root MuiSkeleton-text MuiSkeleton-wave"
                      style="width: 170px; height: 40px; margin: 10px;"
                    />
                    <span
                      class="MuiSkeleton-root MuiSkeleton-text MuiSkeleton-wave"
                      style="width: 130px; height: 40px; margin: 10px;"
                    />
                  </div>
                </div>
              </div>
              <div
                class="MuiGrid-root makeStyles-gridItem-9 MuiGrid-item"
              >
                <div
                  class="MuiPaper-root makeStyles-paper-11 MuiPaper-elevation1 MuiPaper-rounded"
                >
                  <span
                    class="MuiSkeleton-root MuiSkeleton-rect MuiSkeleton-pulse"
                    style="width: 300px; height: 450px;"
                  />
                  <div
                    class="makeStyles-details-13"
                  >
                    <span
                      class="MuiSkeleton-root MuiSkeleton-text MuiSkeleton-wave"
                      style="width: 180px; height: 40px; margin: 10px;"
                    />
                    <span
                      class="MuiSkeleton-root MuiSkeleton-text MuiSkeleton-wave"
                      style="width: 200px; height: 2px; margin: 10px;"
                    />
                    <span
                      class="MuiSkeleton-root MuiSkeleton-text MuiSkeleton-wave"
                      style="width: 170px; height: 40px; margin: 10px;"
                    />
                    <span
                      class="MuiSkeleton-root MuiSkeleton-text MuiSkeleton-wave"
                      style="width: 130px; height: 40px; margin: 10px;"
                    />
                  </div>
                </div>
              </div>
              <div
                class="MuiGrid-root makeStyles-gridItem-9 MuiGrid-item"
              >
                <div
                  class="MuiPaper-root makeStyles-paper-11 MuiPaper-elevation1 MuiPaper-rounded"
                >
                  <span
                    class="MuiSkeleton-root MuiSkeleton-rect MuiSkeleton-pulse"
                    style="width: 300px; height: 450px;"
                  />
                  <div
                    class="makeStyles-details-13"
                  >
                    <span
                      class="MuiSkeleton-root MuiSkeleton-text MuiSkeleton-wave"
                      style="width: 180px; height: 40px; margin: 10px;"
                    />
                    <span
                      class="MuiSkeleton-root MuiSkeleton-text MuiSkeleton-wave"
                      style="width: 200px; height: 2px; margin: 10px;"
                    />
                    <span
                      class="MuiSkeleton-root MuiSkeleton-text MuiSkeleton-wave"
                      style="width: 170px; height: 40px; margin: 10px;"
                    />
                    <span
                      class="MuiSkeleton-root MuiSkeleton-text MuiSkeleton-wave"
                      style="width: 130px; height: 40px; margin: 10px;"
                    />
                  </div>
                </div>
              </div>
              <div
                class="MuiGrid-root makeStyles-gridItem-9 MuiGrid-item"
              >
                <div
                  class="MuiPaper-root makeStyles-paper-11 MuiPaper-elevation1 MuiPaper-rounded"
                >
                  <span
                    class="MuiSkeleton-root MuiSkeleton-rect MuiSkeleton-pulse"
                    style="width: 300px; height: 450px;"
                  />
                  <div
                    class="makeStyles-details-13"
                  >
                    <span
                      class="MuiSkeleton-root MuiSkeleton-text MuiSkeleton-wave"
                      style="width: 180px; height: 40px; margin: 10px;"
                    />
                    <span
                      class="MuiSkeleton-root MuiSkeleton-text MuiSkeleton-wave"
                      style="width: 200px; height: 2px; margin: 10px;"
                    />
                    <span
                      class="MuiSkeleton-root MuiSkeleton-text MuiSkeleton-wave"
                      style="width: 170px; height: 40px; margin: 10px;"
                    />
                    <span
                      class="MuiSkeleton-root MuiSkeleton-text MuiSkeleton-wave"
                      style="width: 130px; height: 40px; margin: 10px;"
                    />
                  </div>
                </div>
              </div>
              <div
                class="MuiGrid-root makeStyles-gridItem-9 MuiGrid-item"
              >
                <div
                  class="MuiPaper-root makeStyles-paper-11 MuiPaper-elevation1 MuiPaper-rounded"
                >
                  <span
                    class="MuiSkeleton-root MuiSkeleton-rect MuiSkeleton-pulse"
                    style="width: 300px; height: 450px;"
                  />
                  <div
                    class="makeStyles-details-13"
                  >
                    <span
                      class="MuiSkeleton-root MuiSkeleton-text MuiSkeleton-wave"
                      style="width: 180px; height: 40px; margin: 10px;"
                    />
                    <span
                      class="MuiSkeleton-root MuiSkeleton-text MuiSkeleton-wave"
                      style="width: 200px; height: 2px; margin: 10px;"
                    />
                    <span
                      class="MuiSkeleton-root MuiSkeleton-text MuiSkeleton-wave"
                      style="width: 170px; height: 40px; margin: 10px;"
                    />
                    <span
                      class="MuiSkeleton-root MuiSkeleton-text MuiSkeleton-wave"
                      style="width: 130px; height: 40px; margin: 10px;"
                    />
                  </div>
                </div>
              </div>
              <div
                class="MuiGrid-root makeStyles-gridItem-9 MuiGrid-item"
              >
                <div
                  class="MuiPaper-root makeStyles-paper-11 MuiPaper-elevation1 MuiPaper-rounded"
                >
                  <span
                    class="MuiSkeleton-root MuiSkeleton-rect MuiSkeleton-pulse"
                    style="width: 300px; height: 450px;"
                  />
                  <div
                    class="makeStyles-details-13"
                  >
                    <span
                      class="MuiSkeleton-root MuiSkeleton-text MuiSkeleton-wave"
                      style="width: 180px; height: 40px; margin: 10px;"
                    />
                    <span
                      class="MuiSkeleton-root MuiSkeleton-text MuiSkeleton-wave"
                      style="width: 200px; height: 2px; margin: 10px;"
                    />
                    <span
                      class="MuiSkeleton-root MuiSkeleton-text MuiSkeleton-wave"
                      style="width: 170px; height: 40px; margin: 10px;"
                    />
                    <span
                      class="MuiSkeleton-root MuiSkeleton-text MuiSkeleton-wave"
                      style="width: 130px; height: 40px; margin: 10px;"
                    />
                  </div>
                </div>
              </div>
              <div
                class="MuiGrid-root makeStyles-gridItem-9 MuiGrid-item"
              >
                <div
                  class="MuiPaper-root makeStyles-paper-11 MuiPaper-elevation1 MuiPaper-rounded"
                >
                  <span
                    class="MuiSkeleton-root MuiSkeleton-rect MuiSkeleton-pulse"
                    style="width: 300px; height: 450px;"
                  />
                  <div
                    class="makeStyles-details-13"
                  >
                    <span
                      class="MuiSkeleton-root MuiSkeleton-text MuiSkeleton-wave"
                      style="width: 180px; height: 40px; margin: 10px;"
                    />
                    <span
                      class="MuiSkeleton-root MuiSkeleton-text MuiSkeleton-wave"
                      style="width: 200px; height: 2px; margin: 10px;"
                    />
                    <span
                      class="MuiSkeleton-root MuiSkeleton-text MuiSkeleton-wave"
                      style="width: 170px; height: 40px; margin: 10px;"
                    />
                    <span
                      class="MuiSkeleton-root MuiSkeleton-text MuiSkeleton-wave"
                      style="width: 130px; height: 40px; margin: 10px;"
                    />
                  </div>
                </div>
              </div>
              <div
                class="MuiGrid-root makeStyles-gridItem-9 MuiGrid-item"
              >
                <div
                  class="MuiPaper-root makeStyles-paper-11 MuiPaper-elevation1 MuiPaper-rounded"
                >
                  <span
                    class="MuiSkeleton-root MuiSkeleton-rect MuiSkeleton-pulse"
                    style="width: 300px; height: 450px;"
                  />
                  <div
                    class="makeStyles-details-13"
                  >
                    <span
                      class="MuiSkeleton-root MuiSkeleton-text MuiSkeleton-wave"
                      style="width: 180px; height: 40px; margin: 10px;"
                    />
                    <span
                      class="MuiSkeleton-root MuiSkeleton-text MuiSkeleton-wave"
                      style="width: 200px; height: 2px; margin: 10px;"
                    />
                    <span
                      class="MuiSkeleton-root MuiSkeleton-text MuiSkeleton-wave"
                      style="width: 170px; height: 40px; margin: 10px;"
                    />
                    <span
                      class="MuiSkeleton-root MuiSkeleton-text MuiSkeleton-wave"
                      style="width: 130px; height: 40px; margin: 10px;"
                    />
                  </div>
                </div>
              </div>
            </div>
            <nav
              aria-label="pagination navigation"
              class="MuiPagination-root"
            >
              <ul
                class="MuiPagination-ul"
              >
                <li>
                  <button
                    aria-label="Go to previous page"
                    class="MuiButtonBase-root MuiPaginationItem-root MuiPaginationItem-page MuiPaginationItem-textPrimary Mui-disabled MuiPaginationItem-sizeLarge Mui-disabled"
                    disabled=""
                    tabindex="-1"
                    type="button"
                  >
                    <svg
                      aria-hidden="true"
                      class="MuiSvgIcon-root MuiPaginationItem-icon"
                      focusable="false"
                      viewBox="0 0 24 24"
                    >
                      <path
                        d="M15.41 7.41L14 6l-6 6 6 6 1.41-1.41L10.83 12z"
                      />
                    </svg>
                  </button>
                </li>
                <li>
                  <button
                    aria-label="Go to next page"
                    class="MuiButtonBase-root MuiPaginationItem-root MuiPaginationItem-page MuiPaginationItem-textPrimary Mui-disabled MuiPaginationItem-sizeLarge Mui-disabled"
                    disabled=""
                    tabindex="-1"
                    type="button"
                  >
                    <svg
                      aria-hidden="true"
                      class="MuiSvgIcon-root MuiPaginationItem-icon"
                      focusable="false"
                      viewBox="0 0 24 24"
                    >
                      <path
                        d="M10 6L8.59 7.41 13.17 12l-4.58 4.59L10 18l6-6z"
                      />
                    </svg>
                  </button>
                </li>
              </ul>
            </nav>
          </div>
        </div>
      </div>
    </div>
  </body>,
  "container": <div>
    (
    <div
      class="makeStyles-root-1"
    >
      <div
        class="makeStyles-errorPage-6"
      >
        <div
          class="MuiPaper-root makeStyles-details-13 makeStyles-gridItem-9 MuiPaper-elevation5 MuiPaper-rounded"
        >
          <div
            class="makeStyles-title-14"
          >
            <h2
              class="MuiTypography-root MuiTypography-h5 MuiTypography-colorError"
            >
              No movies
            </h2>
            <hr
              class="MuiDivider-root"
            />
          </div>
          <div
            class="makeStyles-description-15"
          >
            This might be because:
          </div>
          <div
            class="makeStyles-bottomInfo-16"
          >
            <ul>
              <li>
                <p
                  class="MuiTypography-root MuiTypography-body1 MuiTypography-colorError"
                >
                  You may not be on the NTNU network or your VPN is off
                </p>
              </li>
              <li>
                <p
                  class="MuiTypography-root MuiTypography-body1 MuiTypography-colorError"
                >
                  We do not have the movie you're looking for
                </p>
              </li>
            </ul>
          </div>
          <a
            href="https://www.youtube.com/watch?v=oHg5SJYRHA0"
          >
            Maybe this can help
          </a>
        </div>
      </div>
      <div
        class="makeStyles-moviePage-7"
      >
        <div
          class="makeStyles-main-2"
        >
          <nav
            aria-label="pagination navigation"
            class="MuiPagination-root"
          >
            <ul
              class="MuiPagination-ul"
            >
              <li>
                <button
                  aria-label="Go to previous page"
                  class="MuiButtonBase-root MuiPaginationItem-root MuiPaginationItem-page MuiPaginationItem-textPrimary Mui-disabled MuiPaginationItem-sizeLarge Mui-disabled"
                  disabled=""
                  tabindex="-1"
                  type="button"
                >
                  <svg
                    aria-hidden="true"
                    class="MuiSvgIcon-root MuiPaginationItem-icon"
                    focusable="false"
                    viewBox="0 0 24 24"
                  >
                    <path
                      d="M15.41 7.41L14 6l-6 6 6 6 1.41-1.41L10.83 12z"
                    />
                  </svg>
                </button>
              </li>
              <li>
                <button
                  aria-label="Go to next page"
                  class="MuiButtonBase-root MuiPaginationItem-root MuiPaginationItem-page MuiPaginationItem-textPrimary Mui-disabled MuiPaginationItem-sizeLarge Mui-disabled"
                  disabled=""
                  tabindex="-1"
                  type="button"
                >
                  <svg
                    aria-hidden="true"
                    class="MuiSvgIcon-root MuiPaginationItem-icon"
                    focusable="false"
                    viewBox="0 0 24 24"
                  >
                    <path
                      d="M10 6L8.59 7.41 13.17 12l-4.58 4.59L10 18l6-6z"
                    />
                  </svg>
                </button>
              </li>
            </ul>
          </nav>
          <div
            class="MuiGrid-root makeStyles-movieGrid-4 MuiGrid-container MuiGrid-spacing-xs-4 MuiGrid-justify-xs-center"
          >
            <div
              class="MuiGrid-root makeStyles-gridItem-9 MuiGrid-item"
            >
              <div
                class="MuiPaper-root makeStyles-paper-11 MuiPaper-elevation1 MuiPaper-rounded"
              >
                <span
                  class="MuiSkeleton-root MuiSkeleton-rect MuiSkeleton-pulse"
                  style="width: 300px; height: 450px;"
                />
                <div
                  class="makeStyles-details-13"
                >
                  <span
                    class="MuiSkeleton-root MuiSkeleton-text MuiSkeleton-wave"
                    style="width: 180px; height: 40px; margin: 10px;"
                  />
                  <span
                    class="MuiSkeleton-root MuiSkeleton-text MuiSkeleton-wave"
                    style="width: 200px; height: 2px; margin: 10px;"
                  />
                  <span
                    class="MuiSkeleton-root MuiSkeleton-text MuiSkeleton-wave"
                    style="width: 170px; height: 40px; margin: 10px;"
                  />
                  <span
                    class="MuiSkeleton-root MuiSkeleton-text MuiSkeleton-wave"
                    style="width: 130px; height: 40px; margin: 10px;"
                  />
                </div>
              </div>
            </div>
            <div
              class="MuiGrid-root makeStyles-gridItem-9 MuiGrid-item"
            >
              <div
                class="MuiPaper-root makeStyles-paper-11 MuiPaper-elevation1 MuiPaper-rounded"
              >
                <span
                  class="MuiSkeleton-root MuiSkeleton-rect MuiSkeleton-pulse"
                  style="width: 300px; height: 450px;"
                />
                <div
                  class="makeStyles-details-13"
                >
                  <span
                    class="MuiSkeleton-root MuiSkeleton-text MuiSkeleton-wave"
                    style="width: 180px; height: 40px; margin: 10px;"
                  />
                  <span
                    class="MuiSkeleton-root MuiSkeleton-text MuiSkeleton-wave"
                    style="width: 200px; height: 2px; margin: 10px;"
                  />
                  <span
                    class="MuiSkeleton-root MuiSkeleton-text MuiSkeleton-wave"
                    style="width: 170px; height: 40px; margin: 10px;"
                  />
                  <span
                    class="MuiSkeleton-root MuiSkeleton-text MuiSkeleton-wave"
                    style="width: 130px; height: 40px; margin: 10px;"
                  />
                </div>
              </div>
            </div>
            <div
              class="MuiGrid-root makeStyles-gridItem-9 MuiGrid-item"
            >
              <div
                class="MuiPaper-root makeStyles-paper-11 MuiPaper-elevation1 MuiPaper-rounded"
              >
                <span
                  class="MuiSkeleton-root MuiSkeleton-rect MuiSkeleton-pulse"
                  style="width: 300px; height: 450px;"
                />
                <div
                  class="makeStyles-details-13"
                >
                  <span
                    class="MuiSkeleton-root MuiSkeleton-text MuiSkeleton-wave"
                    style="width: 180px; height: 40px; margin: 10px;"
                  />
                  <span
                    class="MuiSkeleton-root MuiSkeleton-text MuiSkeleton-wave"
                    style="width: 200px; height: 2px; margin: 10px;"
                  />
                  <span
                    class="MuiSkeleton-root MuiSkeleton-text MuiSkeleton-wave"
                    style="width: 170px; height: 40px; margin: 10px;"
                  />
                  <span
                    class="MuiSkeleton-root MuiSkeleton-text MuiSkeleton-wave"
                    style="width: 130px; height: 40px; margin: 10px;"
                  />
                </div>
              </div>
            </div>
            <div
              class="MuiGrid-root makeStyles-gridItem-9 MuiGrid-item"
            >
              <div
                class="MuiPaper-root makeStyles-paper-11 MuiPaper-elevation1 MuiPaper-rounded"
              >
                <span
                  class="MuiSkeleton-root MuiSkeleton-rect MuiSkeleton-pulse"
                  style="width: 300px; height: 450px;"
                />
                <div
                  class="makeStyles-details-13"
                >
                  <span
                    class="MuiSkeleton-root MuiSkeleton-text MuiSkeleton-wave"
                    style="width: 180px; height: 40px; margin: 10px;"
                  />
                  <span
                    class="MuiSkeleton-root MuiSkeleton-text MuiSkeleton-wave"
                    style="width: 200px; height: 2px; margin: 10px;"
                  />
                  <span
                    class="MuiSkeleton-root MuiSkeleton-text MuiSkeleton-wave"
                    style="width: 170px; height: 40px; margin: 10px;"
                  />
                  <span
                    class="MuiSkeleton-root MuiSkeleton-text MuiSkeleton-wave"
                    style="width: 130px; height: 40px; margin: 10px;"
                  />
                </div>
              </div>
            </div>
            <div
              class="MuiGrid-root makeStyles-gridItem-9 MuiGrid-item"
            >
              <div
                class="MuiPaper-root makeStyles-paper-11 MuiPaper-elevation1 MuiPaper-rounded"
              >
                <span
                  class="MuiSkeleton-root MuiSkeleton-rect MuiSkeleton-pulse"
                  style="width: 300px; height: 450px;"
                />
                <div
                  class="makeStyles-details-13"
                >
                  <span
                    class="MuiSkeleton-root MuiSkeleton-text MuiSkeleton-wave"
                    style="width: 180px; height: 40px; margin: 10px;"
                  />
                  <span
                    class="MuiSkeleton-root MuiSkeleton-text MuiSkeleton-wave"
                    style="width: 200px; height: 2px; margin: 10px;"
                  />
                  <span
                    class="MuiSkeleton-root MuiSkeleton-text MuiSkeleton-wave"
                    style="width: 170px; height: 40px; margin: 10px;"
                  />
                  <span
                    class="MuiSkeleton-root MuiSkeleton-text MuiSkeleton-wave"
                    style="width: 130px; height: 40px; margin: 10px;"
                  />
                </div>
              </div>
            </div>
            <div
              class="MuiGrid-root makeStyles-gridItem-9 MuiGrid-item"
            >
              <div
                class="MuiPaper-root makeStyles-paper-11 MuiPaper-elevation1 MuiPaper-rounded"
              >
                <span
                  class="MuiSkeleton-root MuiSkeleton-rect MuiSkeleton-pulse"
                  style="width: 300px; height: 450px;"
                />
                <div
                  class="makeStyles-details-13"
                >
                  <span
                    class="MuiSkeleton-root MuiSkeleton-text MuiSkeleton-wave"
                    style="width: 180px; height: 40px; margin: 10px;"
                  />
                  <span
                    class="MuiSkeleton-root MuiSkeleton-text MuiSkeleton-wave"
                    style="width: 200px; height: 2px; margin: 10px;"
                  />
                  <span
                    class="MuiSkeleton-root MuiSkeleton-text MuiSkeleton-wave"
                    style="width: 170px; height: 40px; margin: 10px;"
                  />
                  <span
                    class="MuiSkeleton-root MuiSkeleton-text MuiSkeleton-wave"
                    style="width: 130px; height: 40px; margin: 10px;"
                  />
                </div>
              </div>
            </div>
            <div
              class="MuiGrid-root makeStyles-gridItem-9 MuiGrid-item"
            >
              <div
                class="MuiPaper-root makeStyles-paper-11 MuiPaper-elevation1 MuiPaper-rounded"
              >
                <span
                  class="MuiSkeleton-root MuiSkeleton-rect MuiSkeleton-pulse"
                  style="width: 300px; height: 450px;"
                />
                <div
                  class="makeStyles-details-13"
                >
                  <span
                    class="MuiSkeleton-root MuiSkeleton-text MuiSkeleton-wave"
                    style="width: 180px; height: 40px; margin: 10px;"
                  />
                  <span
                    class="MuiSkeleton-root MuiSkeleton-text MuiSkeleton-wave"
                    style="width: 200px; height: 2px; margin: 10px;"
                  />
                  <span
                    class="MuiSkeleton-root MuiSkeleton-text MuiSkeleton-wave"
                    style="width: 170px; height: 40px; margin: 10px;"
                  />
                  <span
                    class="MuiSkeleton-root MuiSkeleton-text MuiSkeleton-wave"
                    style="width: 130px; height: 40px; margin: 10px;"
                  />
                </div>
              </div>
            </div>
            <div
              class="MuiGrid-root makeStyles-gridItem-9 MuiGrid-item"
            >
              <div
                class="MuiPaper-root makeStyles-paper-11 MuiPaper-elevation1 MuiPaper-rounded"
              >
                <span
                  class="MuiSkeleton-root MuiSkeleton-rect MuiSkeleton-pulse"
                  style="width: 300px; height: 450px;"
                />
                <div
                  class="makeStyles-details-13"
                >
                  <span
                    class="MuiSkeleton-root MuiSkeleton-text MuiSkeleton-wave"
                    style="width: 180px; height: 40px; margin: 10px;"
                  />
                  <span
                    class="MuiSkeleton-root MuiSkeleton-text MuiSkeleton-wave"
                    style="width: 200px; height: 2px; margin: 10px;"
                  />
                  <span
                    class="MuiSkeleton-root MuiSkeleton-text MuiSkeleton-wave"
                    style="width: 170px; height: 40px; margin: 10px;"
                  />
                  <span
                    class="MuiSkeleton-root MuiSkeleton-text MuiSkeleton-wave"
                    style="width: 130px; height: 40px; margin: 10px;"
                  />
                </div>
              </div>
            </div>
            <div
              class="MuiGrid-root makeStyles-gridItem-9 MuiGrid-item"
            >
              <div
                class="MuiPaper-root makeStyles-paper-11 MuiPaper-elevation1 MuiPaper-rounded"
              >
                <span
                  class="MuiSkeleton-root MuiSkeleton-rect MuiSkeleton-pulse"
                  style="width: 300px; height: 450px;"
                />
                <div
                  class="makeStyles-details-13"
                >
                  <span
                    class="MuiSkeleton-root MuiSkeleton-text MuiSkeleton-wave"
                    style="width: 180px; height: 40px; margin: 10px;"
                  />
                  <span
                    class="MuiSkeleton-root MuiSkeleton-text MuiSkeleton-wave"
                    style="width: 200px; height: 2px; margin: 10px;"
                  />
                  <span
                    class="MuiSkeleton-root MuiSkeleton-text MuiSkeleton-wave"
                    style="width: 170px; height: 40px; margin: 10px;"
                  />
                  <span
                    class="MuiSkeleton-root MuiSkeleton-text MuiSkeleton-wave"
                    style="width: 130px; height: 40px; margin: 10px;"
                  />
                </div>
              </div>
            </div>
            <div
              class="MuiGrid-root makeStyles-gridItem-9 MuiGrid-item"
            >
              <div
                class="MuiPaper-root makeStyles-paper-11 MuiPaper-elevation1 MuiPaper-rounded"
              >
                <span
                  class="MuiSkeleton-root MuiSkeleton-rect MuiSkeleton-pulse"
                  style="width: 300px; height: 450px;"
                />
                <div
                  class="makeStyles-details-13"
                >
                  <span
                    class="MuiSkeleton-root MuiSkeleton-text MuiSkeleton-wave"
                    style="width: 180px; height: 40px; margin: 10px;"
                  />
                  <span
                    class="MuiSkeleton-root MuiSkeleton-text MuiSkeleton-wave"
                    style="width: 200px; height: 2px; margin: 10px;"
                  />
                  <span
                    class="MuiSkeleton-root MuiSkeleton-text MuiSkeleton-wave"
                    style="width: 170px; height: 40px; margin: 10px;"
                  />
                  <span
                    class="MuiSkeleton-root MuiSkeleton-text MuiSkeleton-wave"
                    style="width: 130px; height: 40px; margin: 10px;"
                  />
                </div>
              </div>
            </div>
            <div
              class="MuiGrid-root makeStyles-gridItem-9 MuiGrid-item"
            >
              <div
                class="MuiPaper-root makeStyles-paper-11 MuiPaper-elevation1 MuiPaper-rounded"
              >
                <span
                  class="MuiSkeleton-root MuiSkeleton-rect MuiSkeleton-pulse"
                  style="width: 300px; height: 450px;"
                />
                <div
                  class="makeStyles-details-13"
                >
                  <span
                    class="MuiSkeleton-root MuiSkeleton-text MuiSkeleton-wave"
                    style="width: 180px; height: 40px; margin: 10px;"
                  />
                  <span
                    class="MuiSkeleton-root MuiSkeleton-text MuiSkeleton-wave"
                    style="width: 200px; height: 2px; margin: 10px;"
                  />
                  <span
                    class="MuiSkeleton-root MuiSkeleton-text MuiSkeleton-wave"
                    style="width: 170px; height: 40px; margin: 10px;"
                  />
                  <span
                    class="MuiSkeleton-root MuiSkeleton-text MuiSkeleton-wave"
                    style="width: 130px; height: 40px; margin: 10px;"
                  />
                </div>
              </div>
            </div>
            <div
              class="MuiGrid-root makeStyles-gridItem-9 MuiGrid-item"
            >
              <div
                class="MuiPaper-root makeStyles-paper-11 MuiPaper-elevation1 MuiPaper-rounded"
              >
                <span
                  class="MuiSkeleton-root MuiSkeleton-rect MuiSkeleton-pulse"
                  style="width: 300px; height: 450px;"
                />
                <div
                  class="makeStyles-details-13"
                >
                  <span
                    class="MuiSkeleton-root MuiSkeleton-text MuiSkeleton-wave"
                    style="width: 180px; height: 40px; margin: 10px;"
                  />
                  <span
                    class="MuiSkeleton-root MuiSkeleton-text MuiSkeleton-wave"
                    style="width: 200px; height: 2px; margin: 10px;"
                  />
                  <span
                    class="MuiSkeleton-root MuiSkeleton-text MuiSkeleton-wave"
                    style="width: 170px; height: 40px; margin: 10px;"
                  />
                  <span
                    class="MuiSkeleton-root MuiSkeleton-text MuiSkeleton-wave"
                    style="width: 130px; height: 40px; margin: 10px;"
                  />
                </div>
              </div>
            </div>
            <div
              class="MuiGrid-root makeStyles-gridItem-9 MuiGrid-item"
            >
              <div
                class="MuiPaper-root makeStyles-paper-11 MuiPaper-elevation1 MuiPaper-rounded"
              >
                <span
                  class="MuiSkeleton-root MuiSkeleton-rect MuiSkeleton-pulse"
                  style="width: 300px; height: 450px;"
                />
                <div
                  class="makeStyles-details-13"
                >
                  <span
                    class="MuiSkeleton-root MuiSkeleton-text MuiSkeleton-wave"
                    style="width: 180px; height: 40px; margin: 10px;"
                  />
                  <span
                    class="MuiSkeleton-root MuiSkeleton-text MuiSkeleton-wave"
                    style="width: 200px; height: 2px; margin: 10px;"
                  />
                  <span
                    class="MuiSkeleton-root MuiSkeleton-text MuiSkeleton-wave"
                    style="width: 170px; height: 40px; margin: 10px;"
                  />
                  <span
                    class="MuiSkeleton-root MuiSkeleton-text MuiSkeleton-wave"
                    style="width: 130px; height: 40px; margin: 10px;"
                  />
                </div>
              </div>
            </div>
            <div
              class="MuiGrid-root makeStyles-gridItem-9 MuiGrid-item"
            >
              <div
                class="MuiPaper-root makeStyles-paper-11 MuiPaper-elevation1 MuiPaper-rounded"
              >
                <span
                  class="MuiSkeleton-root MuiSkeleton-rect MuiSkeleton-pulse"
                  style="width: 300px; height: 450px;"
                />
                <div
                  class="makeStyles-details-13"
                >
                  <span
                    class="MuiSkeleton-root MuiSkeleton-text MuiSkeleton-wave"
                    style="width: 180px; height: 40px; margin: 10px;"
                  />
                  <span
                    class="MuiSkeleton-root MuiSkeleton-text MuiSkeleton-wave"
                    style="width: 200px; height: 2px; margin: 10px;"
                  />
                  <span
                    class="MuiSkeleton-root MuiSkeleton-text MuiSkeleton-wave"
                    style="width: 170px; height: 40px; margin: 10px;"
                  />
                  <span
                    class="MuiSkeleton-root MuiSkeleton-text MuiSkeleton-wave"
                    style="width: 130px; height: 40px; margin: 10px;"
                  />
                </div>
              </div>
            </div>
            <div
              class="MuiGrid-root makeStyles-gridItem-9 MuiGrid-item"
            >
              <div
                class="MuiPaper-root makeStyles-paper-11 MuiPaper-elevation1 MuiPaper-rounded"
              >
                <span
                  class="MuiSkeleton-root MuiSkeleton-rect MuiSkeleton-pulse"
                  style="width: 300px; height: 450px;"
                />
                <div
                  class="makeStyles-details-13"
                >
                  <span
                    class="MuiSkeleton-root MuiSkeleton-text MuiSkeleton-wave"
                    style="width: 180px; height: 40px; margin: 10px;"
                  />
                  <span
                    class="MuiSkeleton-root MuiSkeleton-text MuiSkeleton-wave"
                    style="width: 200px; height: 2px; margin: 10px;"
                  />
                  <span
                    class="MuiSkeleton-root MuiSkeleton-text MuiSkeleton-wave"
                    style="width: 170px; height: 40px; margin: 10px;"
                  />
                  <span
                    class="MuiSkeleton-root MuiSkeleton-text MuiSkeleton-wave"
                    style="width: 130px; height: 40px; margin: 10px;"
                  />
                </div>
              </div>
            </div>
            <div
              class="MuiGrid-root makeStyles-gridItem-9 MuiGrid-item"
            >
              <div
                class="MuiPaper-root makeStyles-paper-11 MuiPaper-elevation1 MuiPaper-rounded"
              >
                <span
                  class="MuiSkeleton-root MuiSkeleton-rect MuiSkeleton-pulse"
                  style="width: 300px; height: 450px;"
                />
                <div
                  class="makeStyles-details-13"
                >
                  <span
                    class="MuiSkeleton-root MuiSkeleton-text MuiSkeleton-wave"
                    style="width: 180px; height: 40px; margin: 10px;"
                  />
                  <span
                    class="MuiSkeleton-root MuiSkeleton-text MuiSkeleton-wave"
                    style="width: 200px; height: 2px; margin: 10px;"
                  />
                  <span
                    class="MuiSkeleton-root MuiSkeleton-text MuiSkeleton-wave"
                    style="width: 170px; height: 40px; margin: 10px;"
                  />
                  <span
                    class="MuiSkeleton-root MuiSkeleton-text MuiSkeleton-wave"
                    style="width: 130px; height: 40px; margin: 10px;"
                  />
                </div>
              </div>
            </div>
            <div
              class="MuiGrid-root makeStyles-gridItem-9 MuiGrid-item"
            >
              <div
                class="MuiPaper-root makeStyles-paper-11 MuiPaper-elevation1 MuiPaper-rounded"
              >
                <span
                  class="MuiSkeleton-root MuiSkeleton-rect MuiSkeleton-pulse"
                  style="width: 300px; height: 450px;"
                />
                <div
                  class="makeStyles-details-13"
                >
                  <span
                    class="MuiSkeleton-root MuiSkeleton-text MuiSkeleton-wave"
                    style="width: 180px; height: 40px; margin: 10px;"
                  />
                  <span
                    class="MuiSkeleton-root MuiSkeleton-text MuiSkeleton-wave"
                    style="width: 200px; height: 2px; margin: 10px;"
                  />
                  <span
                    class="MuiSkeleton-root MuiSkeleton-text MuiSkeleton-wave"
                    style="width: 170px; height: 40px; margin: 10px;"
                  />
                  <span
                    class="MuiSkeleton-root MuiSkeleton-text MuiSkeleton-wave"
                    style="width: 130px; height: 40px; margin: 10px;"
                  />
                </div>
              </div>
            </div>
            <div
              class="MuiGrid-root makeStyles-gridItem-9 MuiGrid-item"
            >
              <div
                class="MuiPaper-root makeStyles-paper-11 MuiPaper-elevation1 MuiPaper-rounded"
              >
                <span
                  class="MuiSkeleton-root MuiSkeleton-rect MuiSkeleton-pulse"
                  style="width: 300px; height: 450px;"
                />
                <div
                  class="makeStyles-details-13"
                >
                  <span
                    class="MuiSkeleton-root MuiSkeleton-text MuiSkeleton-wave"
                    style="width: 180px; height: 40px; margin: 10px;"
                  />
                  <span
                    class="MuiSkeleton-root MuiSkeleton-text MuiSkeleton-wave"
                    style="width: 200px; height: 2px; margin: 10px;"
                  />
                  <span
                    class="MuiSkeleton-root MuiSkeleton-text MuiSkeleton-wave"
                    style="width: 170px; height: 40px; margin: 10px;"
                  />
                  <span
                    class="MuiSkeleton-root MuiSkeleton-text MuiSkeleton-wave"
                    style="width: 130px; height: 40px; margin: 10px;"
                  />
                </div>
              </div>
            </div>
            <div
              class="MuiGrid-root makeStyles-gridItem-9 MuiGrid-item"
            >
              <div
                class="MuiPaper-root makeStyles-paper-11 MuiPaper-elevation1 MuiPaper-rounded"
              >
                <span
                  class="MuiSkeleton-root MuiSkeleton-rect MuiSkeleton-pulse"
                  style="width: 300px; height: 450px;"
                />
                <div
                  class="makeStyles-details-13"
                >
                  <span
                    class="MuiSkeleton-root MuiSkeleton-text MuiSkeleton-wave"
                    style="width: 180px; height: 40px; margin: 10px;"
                  />
                  <span
                    class="MuiSkeleton-root MuiSkeleton-text MuiSkeleton-wave"
                    style="width: 200px; height: 2px; margin: 10px;"
                  />
                  <span
                    class="MuiSkeleton-root MuiSkeleton-text MuiSkeleton-wave"
                    style="width: 170px; height: 40px; margin: 10px;"
                  />
                  <span
                    class="MuiSkeleton-root MuiSkeleton-text MuiSkeleton-wave"
                    style="width: 130px; height: 40px; margin: 10px;"
                  />
                </div>
              </div>
            </div>
            <div
              class="MuiGrid-root makeStyles-gridItem-9 MuiGrid-item"
            >
              <div
                class="MuiPaper-root makeStyles-paper-11 MuiPaper-elevation1 MuiPaper-rounded"
              >
                <span
                  class="MuiSkeleton-root MuiSkeleton-rect MuiSkeleton-pulse"
                  style="width: 300px; height: 450px;"
                />
                <div
                  class="makeStyles-details-13"
                >
                  <span
                    class="MuiSkeleton-root MuiSkeleton-text MuiSkeleton-wave"
                    style="width: 180px; height: 40px; margin: 10px;"
                  />
                  <span
                    class="MuiSkeleton-root MuiSkeleton-text MuiSkeleton-wave"
                    style="width: 200px; height: 2px; margin: 10px;"
                  />
                  <span
                    class="MuiSkeleton-root MuiSkeleton-text MuiSkeleton-wave"
                    style="width: 170px; height: 40px; margin: 10px;"
                  />
                  <span
                    class="MuiSkeleton-root MuiSkeleton-text MuiSkeleton-wave"
                    style="width: 130px; height: 40px; margin: 10px;"
                  />
                </div>
              </div>
            </div>
            <div
              class="MuiGrid-root makeStyles-gridItem-9 MuiGrid-item"
            >
              <div
                class="MuiPaper-root makeStyles-paper-11 MuiPaper-elevation1 MuiPaper-rounded"
              >
                <span
                  class="MuiSkeleton-root MuiSkeleton-rect MuiSkeleton-pulse"
                  style="width: 300px; height: 450px;"
                />
                <div
                  class="makeStyles-details-13"
                >
                  <span
                    class="MuiSkeleton-root MuiSkeleton-text MuiSkeleton-wave"
                    style="width: 180px; height: 40px; margin: 10px;"
                  />
                  <span
                    class="MuiSkeleton-root MuiSkeleton-text MuiSkeleton-wave"
                    style="width: 200px; height: 2px; margin: 10px;"
                  />
                  <span
                    class="MuiSkeleton-root MuiSkeleton-text MuiSkeleton-wave"
                    style="width: 170px; height: 40px; margin: 10px;"
                  />
                  <span
                    class="MuiSkeleton-root MuiSkeleton-text MuiSkeleton-wave"
                    style="width: 130px; height: 40px; margin: 10px;"
                  />
                </div>
              </div>
            </div>
            <div
              class="MuiGrid-root makeStyles-gridItem-9 MuiGrid-item"
            >
              <div
                class="MuiPaper-root makeStyles-paper-11 MuiPaper-elevation1 MuiPaper-rounded"
              >
                <span
                  class="MuiSkeleton-root MuiSkeleton-rect MuiSkeleton-pulse"
                  style="width: 300px; height: 450px;"
                />
                <div
                  class="makeStyles-details-13"
                >
                  <span
                    class="MuiSkeleton-root MuiSkeleton-text MuiSkeleton-wave"
                    style="width: 180px; height: 40px; margin: 10px;"
                  />
                  <span
                    class="MuiSkeleton-root MuiSkeleton-text MuiSkeleton-wave"
                    style="width: 200px; height: 2px; margin: 10px;"
                  />
                  <span
                    class="MuiSkeleton-root MuiSkeleton-text MuiSkeleton-wave"
                    style="width: 170px; height: 40px; margin: 10px;"
                  />
                  <span
                    class="MuiSkeleton-root MuiSkeleton-text MuiSkeleton-wave"
                    style="width: 130px; height: 40px; margin: 10px;"
                  />
                </div>
              </div>
            </div>
            <div
              class="MuiGrid-root makeStyles-gridItem-9 MuiGrid-item"
            >
              <div
                class="MuiPaper-root makeStyles-paper-11 MuiPaper-elevation1 MuiPaper-rounded"
              >
                <span
                  class="MuiSkeleton-root MuiSkeleton-rect MuiSkeleton-pulse"
                  style="width: 300px; height: 450px;"
                />
                <div
                  class="makeStyles-details-13"
                >
                  <span
                    class="MuiSkeleton-root MuiSkeleton-text MuiSkeleton-wave"
                    style="width: 180px; height: 40px; margin: 10px;"
                  />
                  <span
                    class="MuiSkeleton-root MuiSkeleton-text MuiSkeleton-wave"
                    style="width: 200px; height: 2px; margin: 10px;"
                  />
                  <span
                    class="MuiSkeleton-root MuiSkeleton-text MuiSkeleton-wave"
                    style="width: 170px; height: 40px; margin: 10px;"
                  />
                  <span
                    class="MuiSkeleton-root MuiSkeleton-text MuiSkeleton-wave"
                    style="width: 130px; height: 40px; margin: 10px;"
                  />
                </div>
              </div>
            </div>
            <div
              class="MuiGrid-root makeStyles-gridItem-9 MuiGrid-item"
            >
              <div
                class="MuiPaper-root makeStyles-paper-11 MuiPaper-elevation1 MuiPaper-rounded"
              >
                <span
                  class="MuiSkeleton-root MuiSkeleton-rect MuiSkeleton-pulse"
                  style="width: 300px; height: 450px;"
                />
                <div
                  class="makeStyles-details-13"
                >
                  <span
                    class="MuiSkeleton-root MuiSkeleton-text MuiSkeleton-wave"
                    style="width: 180px; height: 40px; margin: 10px;"
                  />
                  <span
                    class="MuiSkeleton-root MuiSkeleton-text MuiSkeleton-wave"
                    style="width: 200px; height: 2px; margin: 10px;"
                  />
                  <span
                    class="MuiSkeleton-root MuiSkeleton-text MuiSkeleton-wave"
                    style="width: 170px; height: 40px; margin: 10px;"
                  />
                  <span
                    class="MuiSkeleton-root MuiSkeleton-text MuiSkeleton-wave"
                    style="width: 130px; height: 40px; margin: 10px;"
                  />
                </div>
              </div>
            </div>
          </div>
          <nav
            aria-label="pagination navigation"
            class="MuiPagination-root"
          >
            <ul
              class="MuiPagination-ul"
            >
              <li>
                <button
                  aria-label="Go to previous page"
                  class="MuiButtonBase-root MuiPaginationItem-root MuiPaginationItem-page MuiPaginationItem-textPrimary Mui-disabled MuiPaginationItem-sizeLarge Mui-disabled"
                  disabled=""
                  tabindex="-1"
                  type="button"
                >
                  <svg
                    aria-hidden="true"
                    class="MuiSvgIcon-root MuiPaginationItem-icon"
                    focusable="false"
                    viewBox="0 0 24 24"
                  >
                    <path
                      d="M15.41 7.41L14 6l-6 6 6 6 1.41-1.41L10.83 12z"
                    />
                  </svg>
                </button>
              </li>
              <li>
                <button
                  aria-label="Go to next page"
                  class="MuiButtonBase-root MuiPaginationItem-root MuiPaginationItem-page MuiPaginationItem-textPrimary Mui-disabled MuiPaginationItem-sizeLarge Mui-disabled"
                  disabled=""
                  tabindex="-1"
                  type="button"
                >
                  <svg
                    aria-hidden="true"
                    class="MuiSvgIcon-root MuiPaginationItem-icon"
                    focusable="false"
                    viewBox="0 0 24 24"
                  >
                    <path
                      d="M10 6L8.59 7.41 13.17 12l-4.58 4.59L10 18l6-6z"
                    />
                  </svg>
                </button>
              </li>
            </ul>
          </nav>
        </div>
      </div>
    </div>
  </div>,
  "debug": [Function],
  "findAllByAltText": [Function],
  "findAllByDisplayValue": [Function],
  "findAllByLabelText": [Function],
  "findAllByPlaceholderText": [Function],
  "findAllByRole": [Function],
  "findAllByTestId": [Function],
  "findAllByText": [Function],
  "findAllByTitle": [Function],
  "findByAltText": [Function],
  "findByDisplayValue": [Function],
  "findByLabelText": [Function],
  "findByPlaceholderText": [Function],
  "findByRole": [Function],
  "findByTestId": [Function],
  "findByText": [Function],
  "findByTitle": [Function],
  "getAllByAltText": [Function],
  "getAllByDisplayValue": [Function],
  "getAllByLabelText": [Function],
  "getAllByPlaceholderText": [Function],
  "getAllByRole": [Function],
  "getAllByTestId": [Function],
  "getAllByText": [Function],
  "getAllByTitle": [Function],
  "getByAltText": [Function],
  "getByDisplayValue": [Function],
  "getByLabelText": [Function],
  "getByPlaceholderText": [Function],
  "getByRole": [Function],
  "getByTestId": [Function],
  "getByText": [Function],
  "getByTitle": [Function],
  "queryAllByAltText": [Function],
  "queryAllByDisplayValue": [Function],
  "queryAllByLabelText": [Function],
  "queryAllByPlaceholderText": [Function],
  "queryAllByRole": [Function],
  "queryAllByTestId": [Function],
  "queryAllByText": [Function],
  "queryAllByTitle": [Function],
  "queryByAltText": [Function],
  "queryByDisplayValue": [Function],
  "queryByLabelText": [Function],
  "queryByPlaceholderText": [Function],
  "queryByRole": [Function],
  "queryByTestId": [Function],
  "queryByText": [Function],
  "queryByTitle": [Function],
  "rerender": [Function],
  "unmount": [Function],
}
`;

exports[`Test to see if the sort button renders with our mock function, and passes props correctly Rendering of button 1`] = `
<div>
  <div>
    <div
      class="makeStyles-initial-21"
    >
      <button
        class="MuiButtonBase-root MuiButton-root MuiButton-text makeStyles-loginButton-19"
        tabindex="0"
        type="button"
      >
        <span
          class="MuiButton-label"
        >
          Log in/Sign up
        </span>
        <span
          class="MuiTouchRipple-root"
        />
      </button>
    </div>
    <div
      class="makeStyles-none-20"
    >
      <button
        class="MuiButtonBase-root MuiButton-root MuiButton-text makeStyles-loginButton-19"
        tabindex="0"
        type="button"
      >
        <span
          class="MuiButton-label"
        >
          Log out
        </span>
        <span
          class="MuiTouchRipple-root"
        />
      </button>
    </div>
  </div>
</div>
`;
