// Jest Snapshot v1, https://goo.gl/fbAQLP

exports[`Test to see if the sort button renders with our mock function, and passes props correctly Rendering of button 1`] = `
<div>
  <div>
    <div
      class="makeStyles-none-2"
    >
      <button
        class="MuiButtonBase-root MuiButton-root MuiButton-text makeStyles-loginButton-1"
        tabindex="0"
        type="button"
      >
        <span
          class="MuiButton-label"
        >
          Log in/Sign up
        </span>
        <span
          class="MuiTouchRipple-root"
        />
      </button>
    </div>
    <div
      class="makeStyles-initial-3"
    >
      <button
        class="MuiButtonBase-root MuiButton-root MuiButton-text makeStyles-loginButton-1"
        tabindex="0"
        type="button"
      >
        <span
          class="MuiButton-label"
        >
          Log out
        </span>
        <span
          class="MuiTouchRipple-root"
        />
      </button>
    </div>
  </div>
</div>
`;
