// Jest Snapshot v1, https://goo.gl/fbAQLP

exports[`Snapshot test 1`] = `
Object {
  "asFragment": [Function],
  "baseElement": <body>
    <div>
      (
      <div
        class="makeStyles-root-1"
      >
        <div
          class="makeStyles-errorPage-6"
        >
          <div
            class="MuiPaper-root makeStyles-details-13 makeStyles-gridItem-9 MuiPaper-elevation5 MuiPaper-rounded"
          >
            <div
              class="makeStyles-title-14"
            >
              <h2
                class="MuiTypography-root MuiTypography-h5 MuiTypography-colorError"
              >
                No movies
              </h2>
              <hr
                class="MuiDivider-root"
              />
            </div>
            <div
              class="makeStyles-description-15"
            >
              This might be because:
            </div>
            <div
              class="makeStyles-bottomInfo-16"
            >
              <ul>
                <li>
                  <p
                    class="MuiTypography-root MuiTypography-body1 MuiTypography-colorError"
                  >
                    You may not be on the NTNU network or your VPN is off
                  </p>
                </li>
                <li>
                  <p
                    class="MuiTypography-root MuiTypography-body1 MuiTypography-colorError"
                  >
                    We do not have the movie you're looking for
                  </p>
                </li>
              </ul>
            </div>
            <a
              href="https://www.youtube.com/watch?v=oHg5SJYRHA0"
            >
              Maybe this can help
            </a>
          </div>
        </div>
        <div
          class="makeStyles-moviePage-7"
        >
          <div
            class="makeStyles-main-2"
          >
            <nav
              aria-label="pagination navigation"
              class="MuiPagination-root"
            >
              <ul
                class="MuiPagination-ul"
              >
                <li>
                  <button
                    aria-label="Go to previous page"
                    class="MuiButtonBase-root MuiPaginationItem-root MuiPaginationItem-page MuiPaginationItem-textPrimary Mui-disabled MuiPaginationItem-sizeLarge Mui-disabled"
                    disabled=""
                    tabindex="-1"
                    type="button"
                  >
                    <svg
                      aria-hidden="true"
                      class="MuiSvgIcon-root MuiPaginationItem-icon"
                      focusable="false"
                      viewBox="0 0 24 24"
                    >
                      <path
                        d="M15.41 7.41L14 6l-6 6 6 6 1.41-1.41L10.83 12z"
                      />
                    </svg>
                  </button>
                </li>
                <li>
                  <button
                    aria-label="Go to next page"
                    class="MuiButtonBase-root MuiPaginationItem-root MuiPaginationItem-page MuiPaginationItem-textPrimary Mui-disabled MuiPaginationItem-sizeLarge Mui-disabled"
                    disabled=""
                    tabindex="-1"
                    type="button"
                  >
                    <svg
                      aria-hidden="true"
                      class="MuiSvgIcon-root MuiPaginationItem-icon"
                      focusable="false"
                      viewBox="0 0 24 24"
                    >
                      <path
                        d="M10 6L8.59 7.41 13.17 12l-4.58 4.59L10 18l6-6z"
                      />
                    </svg>
                  </button>
                </li>
              </ul>
            </nav>
            <div
              class="MuiGrid-root makeStyles-movieGrid-4 MuiGrid-container MuiGrid-spacing-xs-4 MuiGrid-justify-xs-center"
            >
              <div
                class="MuiGrid-root makeStyles-gridItem-9 MuiGrid-item"
              >
                <div
                  class="MuiPaper-root makeStyles-paper-11 MuiPaper-elevation1 MuiPaper-rounded"
                >
                  <span
                    class="MuiSkeleton-root MuiSkeleton-rect MuiSkeleton-pulse"
                    style="width: 300px; height: 450px;"
                  />
                  <div
                    class="makeStyles-details-13"
                  >
                    <span
                      class="MuiSkeleton-root MuiSkeleton-text makeStyles-margin10-19 MuiSkeleton-wave"
                      style="width: 180px; height: 40px;"
                    />
                    <span
                      class="MuiSkeleton-root MuiSkeleton-text makeStyles-margin10-19 MuiSkeleton-wave"
                      style="width: 200px; height: 2px;"
                    />
                    <span
                      class="MuiSkeleton-root MuiSkeleton-text makeStyles-margin10-19 MuiSkeleton-wave"
                      style="width: 170px; height: 40px;"
                    />
                    <span
                      class="MuiSkeleton-root MuiSkeleton-text makeStyles-margin10-19 MuiSkeleton-wave"
                      style="width: 130px; height: 40px;"
                    />
                  </div>
                </div>
              </div>
              <div
                class="MuiGrid-root makeStyles-gridItem-9 MuiGrid-item"
              >
                <div
                  class="MuiPaper-root makeStyles-paper-11 MuiPaper-elevation1 MuiPaper-rounded"
                >
                  <span
                    class="MuiSkeleton-root MuiSkeleton-rect MuiSkeleton-pulse"
                    style="width: 300px; height: 450px;"
                  />
                  <div
                    class="makeStyles-details-13"
                  >
                    <span
                      class="MuiSkeleton-root MuiSkeleton-text makeStyles-margin10-19 MuiSkeleton-wave"
                      style="width: 180px; height: 40px;"
                    />
                    <span
                      class="MuiSkeleton-root MuiSkeleton-text makeStyles-margin10-19 MuiSkeleton-wave"
                      style="width: 200px; height: 2px;"
                    />
                    <span
                      class="MuiSkeleton-root MuiSkeleton-text makeStyles-margin10-19 MuiSkeleton-wave"
                      style="width: 170px; height: 40px;"
                    />
                    <span
                      class="MuiSkeleton-root MuiSkeleton-text makeStyles-margin10-19 MuiSkeleton-wave"
                      style="width: 130px; height: 40px;"
                    />
                  </div>
                </div>
              </div>
              <div
                class="MuiGrid-root makeStyles-gridItem-9 MuiGrid-item"
              >
                <div
                  class="MuiPaper-root makeStyles-paper-11 MuiPaper-elevation1 MuiPaper-rounded"
                >
                  <span
                    class="MuiSkeleton-root MuiSkeleton-rect MuiSkeleton-pulse"
                    style="width: 300px; height: 450px;"
                  />
                  <div
                    class="makeStyles-details-13"
                  >
                    <span
                      class="MuiSkeleton-root MuiSkeleton-text makeStyles-margin10-19 MuiSkeleton-wave"
                      style="width: 180px; height: 40px;"
                    />
                    <span
                      class="MuiSkeleton-root MuiSkeleton-text makeStyles-margin10-19 MuiSkeleton-wave"
                      style="width: 200px; height: 2px;"
                    />
                    <span
                      class="MuiSkeleton-root MuiSkeleton-text makeStyles-margin10-19 MuiSkeleton-wave"
                      style="width: 170px; height: 40px;"
                    />
                    <span
                      class="MuiSkeleton-root MuiSkeleton-text makeStyles-margin10-19 MuiSkeleton-wave"
                      style="width: 130px; height: 40px;"
                    />
                  </div>
                </div>
              </div>
              <div
                class="MuiGrid-root makeStyles-gridItem-9 MuiGrid-item"
              >
                <div
                  class="MuiPaper-root makeStyles-paper-11 MuiPaper-elevation1 MuiPaper-rounded"
                >
                  <span
                    class="MuiSkeleton-root MuiSkeleton-rect MuiSkeleton-pulse"
                    style="width: 300px; height: 450px;"
                  />
                  <div
                    class="makeStyles-details-13"
                  >
                    <span
                      class="MuiSkeleton-root MuiSkeleton-text makeStyles-margin10-19 MuiSkeleton-wave"
                      style="width: 180px; height: 40px;"
                    />
                    <span
                      class="MuiSkeleton-root MuiSkeleton-text makeStyles-margin10-19 MuiSkeleton-wave"
                      style="width: 200px; height: 2px;"
                    />
                    <span
                      class="MuiSkeleton-root MuiSkeleton-text makeStyles-margin10-19 MuiSkeleton-wave"
                      style="width: 170px; height: 40px;"
                    />
                    <span
                      class="MuiSkeleton-root MuiSkeleton-text makeStyles-margin10-19 MuiSkeleton-wave"
                      style="width: 130px; height: 40px;"
                    />
                  </div>
                </div>
              </div>
              <div
                class="MuiGrid-root makeStyles-gridItem-9 MuiGrid-item"
              >
                <div
                  class="MuiPaper-root makeStyles-paper-11 MuiPaper-elevation1 MuiPaper-rounded"
                >
                  <span
                    class="MuiSkeleton-root MuiSkeleton-rect MuiSkeleton-pulse"
                    style="width: 300px; height: 450px;"
                  />
                  <div
                    class="makeStyles-details-13"
                  >
                    <span
                      class="MuiSkeleton-root MuiSkeleton-text makeStyles-margin10-19 MuiSkeleton-wave"
                      style="width: 180px; height: 40px;"
                    />
                    <span
                      class="MuiSkeleton-root MuiSkeleton-text makeStyles-margin10-19 MuiSkeleton-wave"
                      style="width: 200px; height: 2px;"
                    />
                    <span
                      class="MuiSkeleton-root MuiSkeleton-text makeStyles-margin10-19 MuiSkeleton-wave"
                      style="width: 170px; height: 40px;"
                    />
                    <span
                      class="MuiSkeleton-root MuiSkeleton-text makeStyles-margin10-19 MuiSkeleton-wave"
                      style="width: 130px; height: 40px;"
                    />
                  </div>
                </div>
              </div>
              <div
                class="MuiGrid-root makeStyles-gridItem-9 MuiGrid-item"
              >
                <div
                  class="MuiPaper-root makeStyles-paper-11 MuiPaper-elevation1 MuiPaper-rounded"
                >
                  <span
                    class="MuiSkeleton-root MuiSkeleton-rect MuiSkeleton-pulse"
                    style="width: 300px; height: 450px;"
                  />
                  <div
                    class="makeStyles-details-13"
                  >
                    <span
                      class="MuiSkeleton-root MuiSkeleton-text makeStyles-margin10-19 MuiSkeleton-wave"
                      style="width: 180px; height: 40px;"
                    />
                    <span
                      class="MuiSkeleton-root MuiSkeleton-text makeStyles-margin10-19 MuiSkeleton-wave"
                      style="width: 200px; height: 2px;"
                    />
                    <span
                      class="MuiSkeleton-root MuiSkeleton-text makeStyles-margin10-19 MuiSkeleton-wave"
                      style="width: 170px; height: 40px;"
                    />
                    <span
                      class="MuiSkeleton-root MuiSkeleton-text makeStyles-margin10-19 MuiSkeleton-wave"
                      style="width: 130px; height: 40px;"
                    />
                  </div>
                </div>
              </div>
              <div
                class="MuiGrid-root makeStyles-gridItem-9 MuiGrid-item"
              >
                <div
                  class="MuiPaper-root makeStyles-paper-11 MuiPaper-elevation1 MuiPaper-rounded"
                >
                  <span
                    class="MuiSkeleton-root MuiSkeleton-rect MuiSkeleton-pulse"
                    style="width: 300px; height: 450px;"
                  />
                  <div
                    class="makeStyles-details-13"
                  >
                    <span
                      class="MuiSkeleton-root MuiSkeleton-text makeStyles-margin10-19 MuiSkeleton-wave"
                      style="width: 180px; height: 40px;"
                    />
                    <span
                      class="MuiSkeleton-root MuiSkeleton-text makeStyles-margin10-19 MuiSkeleton-wave"
                      style="width: 200px; height: 2px;"
                    />
                    <span
                      class="MuiSkeleton-root MuiSkeleton-text makeStyles-margin10-19 MuiSkeleton-wave"
                      style="width: 170px; height: 40px;"
                    />
                    <span
                      class="MuiSkeleton-root MuiSkeleton-text makeStyles-margin10-19 MuiSkeleton-wave"
                      style="width: 130px; height: 40px;"
                    />
                  </div>
                </div>
              </div>
              <div
                class="MuiGrid-root makeStyles-gridItem-9 MuiGrid-item"
              >
                <div
                  class="MuiPaper-root makeStyles-paper-11 MuiPaper-elevation1 MuiPaper-rounded"
                >
                  <span
                    class="MuiSkeleton-root MuiSkeleton-rect MuiSkeleton-pulse"
                    style="width: 300px; height: 450px;"
                  />
                  <div
                    class="makeStyles-details-13"
                  >
                    <span
                      class="MuiSkeleton-root MuiSkeleton-text makeStyles-margin10-19 MuiSkeleton-wave"
                      style="width: 180px; height: 40px;"
                    />
                    <span
                      class="MuiSkeleton-root MuiSkeleton-text makeStyles-margin10-19 MuiSkeleton-wave"
                      style="width: 200px; height: 2px;"
                    />
                    <span
                      class="MuiSkeleton-root MuiSkeleton-text makeStyles-margin10-19 MuiSkeleton-wave"
                      style="width: 170px; height: 40px;"
                    />
                    <span
                      class="MuiSkeleton-root MuiSkeleton-text makeStyles-margin10-19 MuiSkeleton-wave"
                      style="width: 130px; height: 40px;"
                    />
                  </div>
                </div>
              </div>
              <div
                class="MuiGrid-root makeStyles-gridItem-9 MuiGrid-item"
              >
                <div
                  class="MuiPaper-root makeStyles-paper-11 MuiPaper-elevation1 MuiPaper-rounded"
                >
                  <span
                    class="MuiSkeleton-root MuiSkeleton-rect MuiSkeleton-pulse"
                    style="width: 300px; height: 450px;"
                  />
                  <div
                    class="makeStyles-details-13"
                  >
                    <span
                      class="MuiSkeleton-root MuiSkeleton-text makeStyles-margin10-19 MuiSkeleton-wave"
                      style="width: 180px; height: 40px;"
                    />
                    <span
                      class="MuiSkeleton-root MuiSkeleton-text makeStyles-margin10-19 MuiSkeleton-wave"
                      style="width: 200px; height: 2px;"
                    />
                    <span
                      class="MuiSkeleton-root MuiSkeleton-text makeStyles-margin10-19 MuiSkeleton-wave"
                      style="width: 170px; height: 40px;"
                    />
                    <span
                      class="MuiSkeleton-root MuiSkeleton-text makeStyles-margin10-19 MuiSkeleton-wave"
                      style="width: 130px; height: 40px;"
                    />
                  </div>
                </div>
              </div>
              <div
                class="MuiGrid-root makeStyles-gridItem-9 MuiGrid-item"
              >
                <div
                  class="MuiPaper-root makeStyles-paper-11 MuiPaper-elevation1 MuiPaper-rounded"
                >
                  <span
                    class="MuiSkeleton-root MuiSkeleton-rect MuiSkeleton-pulse"
                    style="width: 300px; height: 450px;"
                  />
                  <div
                    class="makeStyles-details-13"
                  >
                    <span
                      class="MuiSkeleton-root MuiSkeleton-text makeStyles-margin10-19 MuiSkeleton-wave"
                      style="width: 180px; height: 40px;"
                    />
                    <span
                      class="MuiSkeleton-root MuiSkeleton-text makeStyles-margin10-19 MuiSkeleton-wave"
                      style="width: 200px; height: 2px;"
                    />
                    <span
                      class="MuiSkeleton-root MuiSkeleton-text makeStyles-margin10-19 MuiSkeleton-wave"
                      style="width: 170px; height: 40px;"
                    />
                    <span
                      class="MuiSkeleton-root MuiSkeleton-text makeStyles-margin10-19 MuiSkeleton-wave"
                      style="width: 130px; height: 40px;"
                    />
                  </div>
                </div>
              </div>
              <div
                class="MuiGrid-root makeStyles-gridItem-9 MuiGrid-item"
              >
                <div
                  class="MuiPaper-root makeStyles-paper-11 MuiPaper-elevation1 MuiPaper-rounded"
                >
                  <span
                    class="MuiSkeleton-root MuiSkeleton-rect MuiSkeleton-pulse"
                    style="width: 300px; height: 450px;"
                  />
                  <div
                    class="makeStyles-details-13"
                  >
                    <span
                      class="MuiSkeleton-root MuiSkeleton-text makeStyles-margin10-19 MuiSkeleton-wave"
                      style="width: 180px; height: 40px;"
                    />
                    <span
                      class="MuiSkeleton-root MuiSkeleton-text makeStyles-margin10-19 MuiSkeleton-wave"
                      style="width: 200px; height: 2px;"
                    />
                    <span
                      class="MuiSkeleton-root MuiSkeleton-text makeStyles-margin10-19 MuiSkeleton-wave"
                      style="width: 170px; height: 40px;"
                    />
                    <span
                      class="MuiSkeleton-root MuiSkeleton-text makeStyles-margin10-19 MuiSkeleton-wave"
                      style="width: 130px; height: 40px;"
                    />
                  </div>
                </div>
              </div>
              <div
                class="MuiGrid-root makeStyles-gridItem-9 MuiGrid-item"
              >
                <div
                  class="MuiPaper-root makeStyles-paper-11 MuiPaper-elevation1 MuiPaper-rounded"
                >
                  <span
                    class="MuiSkeleton-root MuiSkeleton-rect MuiSkeleton-pulse"
                    style="width: 300px; height: 450px;"
                  />
                  <div
                    class="makeStyles-details-13"
                  >
                    <span
                      class="MuiSkeleton-root MuiSkeleton-text makeStyles-margin10-19 MuiSkeleton-wave"
                      style="width: 180px; height: 40px;"
                    />
                    <span
                      class="MuiSkeleton-root MuiSkeleton-text makeStyles-margin10-19 MuiSkeleton-wave"
                      style="width: 200px; height: 2px;"
                    />
                    <span
                      class="MuiSkeleton-root MuiSkeleton-text makeStyles-margin10-19 MuiSkeleton-wave"
                      style="width: 170px; height: 40px;"
                    />
                    <span
                      class="MuiSkeleton-root MuiSkeleton-text makeStyles-margin10-19 MuiSkeleton-wave"
                      style="width: 130px; height: 40px;"
                    />
                  </div>
                </div>
              </div>
              <div
                class="MuiGrid-root makeStyles-gridItem-9 MuiGrid-item"
              >
                <div
                  class="MuiPaper-root makeStyles-paper-11 MuiPaper-elevation1 MuiPaper-rounded"
                >
                  <span
                    class="MuiSkeleton-root MuiSkeleton-rect MuiSkeleton-pulse"
                    style="width: 300px; height: 450px;"
                  />
                  <div
                    class="makeStyles-details-13"
                  >
                    <span
                      class="MuiSkeleton-root MuiSkeleton-text makeStyles-margin10-19 MuiSkeleton-wave"
                      style="width: 180px; height: 40px;"
                    />
                    <span
                      class="MuiSkeleton-root MuiSkeleton-text makeStyles-margin10-19 MuiSkeleton-wave"
                      style="width: 200px; height: 2px;"
                    />
                    <span
                      class="MuiSkeleton-root MuiSkeleton-text makeStyles-margin10-19 MuiSkeleton-wave"
                      style="width: 170px; height: 40px;"
                    />
                    <span
                      class="MuiSkeleton-root MuiSkeleton-text makeStyles-margin10-19 MuiSkeleton-wave"
                      style="width: 130px; height: 40px;"
                    />
                  </div>
                </div>
              </div>
              <div
                class="MuiGrid-root makeStyles-gridItem-9 MuiGrid-item"
              >
                <div
                  class="MuiPaper-root makeStyles-paper-11 MuiPaper-elevation1 MuiPaper-rounded"
                >
                  <span
                    class="MuiSkeleton-root MuiSkeleton-rect MuiSkeleton-pulse"
                    style="width: 300px; height: 450px;"
                  />
                  <div
                    class="makeStyles-details-13"
                  >
                    <span
                      class="MuiSkeleton-root MuiSkeleton-text makeStyles-margin10-19 MuiSkeleton-wave"
                      style="width: 180px; height: 40px;"
                    />
                    <span
                      class="MuiSkeleton-root MuiSkeleton-text makeStyles-margin10-19 MuiSkeleton-wave"
                      style="width: 200px; height: 2px;"
                    />
                    <span
                      class="MuiSkeleton-root MuiSkeleton-text makeStyles-margin10-19 MuiSkeleton-wave"
                      style="width: 170px; height: 40px;"
                    />
                    <span
                      class="MuiSkeleton-root MuiSkeleton-text makeStyles-margin10-19 MuiSkeleton-wave"
                      style="width: 130px; height: 40px;"
                    />
                  </div>
                </div>
              </div>
              <div
                class="MuiGrid-root makeStyles-gridItem-9 MuiGrid-item"
              >
                <div
                  class="MuiPaper-root makeStyles-paper-11 MuiPaper-elevation1 MuiPaper-rounded"
                >
                  <span
                    class="MuiSkeleton-root MuiSkeleton-rect MuiSkeleton-pulse"
                    style="width: 300px; height: 450px;"
                  />
                  <div
                    class="makeStyles-details-13"
                  >
                    <span
                      class="MuiSkeleton-root MuiSkeleton-text makeStyles-margin10-19 MuiSkeleton-wave"
                      style="width: 180px; height: 40px;"
                    />
                    <span
                      class="MuiSkeleton-root MuiSkeleton-text makeStyles-margin10-19 MuiSkeleton-wave"
                      style="width: 200px; height: 2px;"
                    />
                    <span
                      class="MuiSkeleton-root MuiSkeleton-text makeStyles-margin10-19 MuiSkeleton-wave"
                      style="width: 170px; height: 40px;"
                    />
                    <span
                      class="MuiSkeleton-root MuiSkeleton-text makeStyles-margin10-19 MuiSkeleton-wave"
                      style="width: 130px; height: 40px;"
                    />
                  </div>
                </div>
              </div>
              <div
                class="MuiGrid-root makeStyles-gridItem-9 MuiGrid-item"
              >
                <div
                  class="MuiPaper-root makeStyles-paper-11 MuiPaper-elevation1 MuiPaper-rounded"
                >
                  <span
                    class="MuiSkeleton-root MuiSkeleton-rect MuiSkeleton-pulse"
                    style="width: 300px; height: 450px;"
                  />
                  <div
                    class="makeStyles-details-13"
                  >
                    <span
                      class="MuiSkeleton-root MuiSkeleton-text makeStyles-margin10-19 MuiSkeleton-wave"
                      style="width: 180px; height: 40px;"
                    />
                    <span
                      class="MuiSkeleton-root MuiSkeleton-text makeStyles-margin10-19 MuiSkeleton-wave"
                      style="width: 200px; height: 2px;"
                    />
                    <span
                      class="MuiSkeleton-root MuiSkeleton-text makeStyles-margin10-19 MuiSkeleton-wave"
                      style="width: 170px; height: 40px;"
                    />
                    <span
                      class="MuiSkeleton-root MuiSkeleton-text makeStyles-margin10-19 MuiSkeleton-wave"
                      style="width: 130px; height: 40px;"
                    />
                  </div>
                </div>
              </div>
              <div
                class="MuiGrid-root makeStyles-gridItem-9 MuiGrid-item"
              >
                <div
                  class="MuiPaper-root makeStyles-paper-11 MuiPaper-elevation1 MuiPaper-rounded"
                >
                  <span
                    class="MuiSkeleton-root MuiSkeleton-rect MuiSkeleton-pulse"
                    style="width: 300px; height: 450px;"
                  />
                  <div
                    class="makeStyles-details-13"
                  >
                    <span
                      class="MuiSkeleton-root MuiSkeleton-text makeStyles-margin10-19 MuiSkeleton-wave"
                      style="width: 180px; height: 40px;"
                    />
                    <span
                      class="MuiSkeleton-root MuiSkeleton-text makeStyles-margin10-19 MuiSkeleton-wave"
                      style="width: 200px; height: 2px;"
                    />
                    <span
                      class="MuiSkeleton-root MuiSkeleton-text makeStyles-margin10-19 MuiSkeleton-wave"
                      style="width: 170px; height: 40px;"
                    />
                    <span
                      class="MuiSkeleton-root MuiSkeleton-text makeStyles-margin10-19 MuiSkeleton-wave"
                      style="width: 130px; height: 40px;"
                    />
                  </div>
                </div>
              </div>
              <div
                class="MuiGrid-root makeStyles-gridItem-9 MuiGrid-item"
              >
                <div
                  class="MuiPaper-root makeStyles-paper-11 MuiPaper-elevation1 MuiPaper-rounded"
                >
                  <span
                    class="MuiSkeleton-root MuiSkeleton-rect MuiSkeleton-pulse"
                    style="width: 300px; height: 450px;"
                  />
                  <div
                    class="makeStyles-details-13"
                  >
                    <span
                      class="MuiSkeleton-root MuiSkeleton-text makeStyles-margin10-19 MuiSkeleton-wave"
                      style="width: 180px; height: 40px;"
                    />
                    <span
                      class="MuiSkeleton-root MuiSkeleton-text makeStyles-margin10-19 MuiSkeleton-wave"
                      style="width: 200px; height: 2px;"
                    />
                    <span
                      class="MuiSkeleton-root MuiSkeleton-text makeStyles-margin10-19 MuiSkeleton-wave"
                      style="width: 170px; height: 40px;"
                    />
                    <span
                      class="MuiSkeleton-root MuiSkeleton-text makeStyles-margin10-19 MuiSkeleton-wave"
                      style="width: 130px; height: 40px;"
                    />
                  </div>
                </div>
              </div>
              <div
                class="MuiGrid-root makeStyles-gridItem-9 MuiGrid-item"
              >
                <div
                  class="MuiPaper-root makeStyles-paper-11 MuiPaper-elevation1 MuiPaper-rounded"
                >
                  <span
                    class="MuiSkeleton-root MuiSkeleton-rect MuiSkeleton-pulse"
                    style="width: 300px; height: 450px;"
                  />
                  <div
                    class="makeStyles-details-13"
                  >
                    <span
                      class="MuiSkeleton-root MuiSkeleton-text makeStyles-margin10-19 MuiSkeleton-wave"
                      style="width: 180px; height: 40px;"
                    />
                    <span
                      class="MuiSkeleton-root MuiSkeleton-text makeStyles-margin10-19 MuiSkeleton-wave"
                      style="width: 200px; height: 2px;"
                    />
                    <span
                      class="MuiSkeleton-root MuiSkeleton-text makeStyles-margin10-19 MuiSkeleton-wave"
                      style="width: 170px; height: 40px;"
                    />
                    <span
                      class="MuiSkeleton-root MuiSkeleton-text makeStyles-margin10-19 MuiSkeleton-wave"
                      style="width: 130px; height: 40px;"
                    />
                  </div>
                </div>
              </div>
              <div
                class="MuiGrid-root makeStyles-gridItem-9 MuiGrid-item"
              >
                <div
                  class="MuiPaper-root makeStyles-paper-11 MuiPaper-elevation1 MuiPaper-rounded"
                >
                  <span
                    class="MuiSkeleton-root MuiSkeleton-rect MuiSkeleton-pulse"
                    style="width: 300px; height: 450px;"
                  />
                  <div
                    class="makeStyles-details-13"
                  >
                    <span
                      class="MuiSkeleton-root MuiSkeleton-text makeStyles-margin10-19 MuiSkeleton-wave"
                      style="width: 180px; height: 40px;"
                    />
                    <span
                      class="MuiSkeleton-root MuiSkeleton-text makeStyles-margin10-19 MuiSkeleton-wave"
                      style="width: 200px; height: 2px;"
                    />
                    <span
                      class="MuiSkeleton-root MuiSkeleton-text makeStyles-margin10-19 MuiSkeleton-wave"
                      style="width: 170px; height: 40px;"
                    />
                    <span
                      class="MuiSkeleton-root MuiSkeleton-text makeStyles-margin10-19 MuiSkeleton-wave"
                      style="width: 130px; height: 40px;"
                    />
                  </div>
                </div>
              </div>
              <div
                class="MuiGrid-root makeStyles-gridItem-9 MuiGrid-item"
              >
                <div
                  class="MuiPaper-root makeStyles-paper-11 MuiPaper-elevation1 MuiPaper-rounded"
                >
                  <span
                    class="MuiSkeleton-root MuiSkeleton-rect MuiSkeleton-pulse"
                    style="width: 300px; height: 450px;"
                  />
                  <div
                    class="makeStyles-details-13"
                  >
                    <span
                      class="MuiSkeleton-root MuiSkeleton-text makeStyles-margin10-19 MuiSkeleton-wave"
                      style="width: 180px; height: 40px;"
                    />
                    <span
                      class="MuiSkeleton-root MuiSkeleton-text makeStyles-margin10-19 MuiSkeleton-wave"
                      style="width: 200px; height: 2px;"
                    />
                    <span
                      class="MuiSkeleton-root MuiSkeleton-text makeStyles-margin10-19 MuiSkeleton-wave"
                      style="width: 170px; height: 40px;"
                    />
                    <span
                      class="MuiSkeleton-root MuiSkeleton-text makeStyles-margin10-19 MuiSkeleton-wave"
                      style="width: 130px; height: 40px;"
                    />
                  </div>
                </div>
              </div>
              <div
                class="MuiGrid-root makeStyles-gridItem-9 MuiGrid-item"
              >
                <div
                  class="MuiPaper-root makeStyles-paper-11 MuiPaper-elevation1 MuiPaper-rounded"
                >
                  <span
                    class="MuiSkeleton-root MuiSkeleton-rect MuiSkeleton-pulse"
                    style="width: 300px; height: 450px;"
                  />
                  <div
                    class="makeStyles-details-13"
                  >
                    <span
                      class="MuiSkeleton-root MuiSkeleton-text makeStyles-margin10-19 MuiSkeleton-wave"
                      style="width: 180px; height: 40px;"
                    />
                    <span
                      class="MuiSkeleton-root MuiSkeleton-text makeStyles-margin10-19 MuiSkeleton-wave"
                      style="width: 200px; height: 2px;"
                    />
                    <span
                      class="MuiSkeleton-root MuiSkeleton-text makeStyles-margin10-19 MuiSkeleton-wave"
                      style="width: 170px; height: 40px;"
                    />
                    <span
                      class="MuiSkeleton-root MuiSkeleton-text makeStyles-margin10-19 MuiSkeleton-wave"
                      style="width: 130px; height: 40px;"
                    />
                  </div>
                </div>
              </div>
              <div
                class="MuiGrid-root makeStyles-gridItem-9 MuiGrid-item"
              >
                <div
                  class="MuiPaper-root makeStyles-paper-11 MuiPaper-elevation1 MuiPaper-rounded"
                >
                  <span
                    class="MuiSkeleton-root MuiSkeleton-rect MuiSkeleton-pulse"
                    style="width: 300px; height: 450px;"
                  />
                  <div
                    class="makeStyles-details-13"
                  >
                    <span
                      class="MuiSkeleton-root MuiSkeleton-text makeStyles-margin10-19 MuiSkeleton-wave"
                      style="width: 180px; height: 40px;"
                    />
                    <span
                      class="MuiSkeleton-root MuiSkeleton-text makeStyles-margin10-19 MuiSkeleton-wave"
                      style="width: 200px; height: 2px;"
                    />
                    <span
                      class="MuiSkeleton-root MuiSkeleton-text makeStyles-margin10-19 MuiSkeleton-wave"
                      style="width: 170px; height: 40px;"
                    />
                    <span
                      class="MuiSkeleton-root MuiSkeleton-text makeStyles-margin10-19 MuiSkeleton-wave"
                      style="width: 130px; height: 40px;"
                    />
                  </div>
                </div>
              </div>
              <div
                class="MuiGrid-root makeStyles-gridItem-9 MuiGrid-item"
              >
                <div
                  class="MuiPaper-root makeStyles-paper-11 MuiPaper-elevation1 MuiPaper-rounded"
                >
                  <span
                    class="MuiSkeleton-root MuiSkeleton-rect MuiSkeleton-pulse"
                    style="width: 300px; height: 450px;"
                  />
                  <div
                    class="makeStyles-details-13"
                  >
                    <span
                      class="MuiSkeleton-root MuiSkeleton-text makeStyles-margin10-19 MuiSkeleton-wave"
                      style="width: 180px; height: 40px;"
                    />
                    <span
                      class="MuiSkeleton-root MuiSkeleton-text makeStyles-margin10-19 MuiSkeleton-wave"
                      style="width: 200px; height: 2px;"
                    />
                    <span
                      class="MuiSkeleton-root MuiSkeleton-text makeStyles-margin10-19 MuiSkeleton-wave"
                      style="width: 170px; height: 40px;"
                    />
                    <span
                      class="MuiSkeleton-root MuiSkeleton-text makeStyles-margin10-19 MuiSkeleton-wave"
                      style="width: 130px; height: 40px;"
                    />
                  </div>
                </div>
              </div>
            </div>
            <nav
              aria-label="pagination navigation"
              class="MuiPagination-root"
            >
              <ul
                class="MuiPagination-ul"
              >
                <li>
                  <button
                    aria-label="Go to previous page"
                    class="MuiButtonBase-root MuiPaginationItem-root MuiPaginationItem-page MuiPaginationItem-textPrimary Mui-disabled MuiPaginationItem-sizeLarge Mui-disabled"
                    disabled=""
                    tabindex="-1"
                    type="button"
                  >
                    <svg
                      aria-hidden="true"
                      class="MuiSvgIcon-root MuiPaginationItem-icon"
                      focusable="false"
                      viewBox="0 0 24 24"
                    >
                      <path
                        d="M15.41 7.41L14 6l-6 6 6 6 1.41-1.41L10.83 12z"
                      />
                    </svg>
                  </button>
                </li>
                <li>
                  <button
                    aria-label="Go to next page"
                    class="MuiButtonBase-root MuiPaginationItem-root MuiPaginationItem-page MuiPaginationItem-textPrimary Mui-disabled MuiPaginationItem-sizeLarge Mui-disabled"
                    disabled=""
                    tabindex="-1"
                    type="button"
                  >
                    <svg
                      aria-hidden="true"
                      class="MuiSvgIcon-root MuiPaginationItem-icon"
                      focusable="false"
                      viewBox="0 0 24 24"
                    >
                      <path
                        d="M10 6L8.59 7.41 13.17 12l-4.58 4.59L10 18l6-6z"
                      />
                    </svg>
                  </button>
                </li>
              </ul>
            </nav>
          </div>
        </div>
      </div>
    </div>
  </body>,
  "container": <div>
    (
    <div
      class="makeStyles-root-1"
    >
      <div
        class="makeStyles-errorPage-6"
      >
        <div
          class="MuiPaper-root makeStyles-details-13 makeStyles-gridItem-9 MuiPaper-elevation5 MuiPaper-rounded"
        >
          <div
            class="makeStyles-title-14"
          >
            <h2
              class="MuiTypography-root MuiTypography-h5 MuiTypography-colorError"
            >
              No movies
            </h2>
            <hr
              class="MuiDivider-root"
            />
          </div>
          <div
            class="makeStyles-description-15"
          >
            This might be because:
          </div>
          <div
            class="makeStyles-bottomInfo-16"
          >
            <ul>
              <li>
                <p
                  class="MuiTypography-root MuiTypography-body1 MuiTypography-colorError"
                >
                  You may not be on the NTNU network or your VPN is off
                </p>
              </li>
              <li>
                <p
                  class="MuiTypography-root MuiTypography-body1 MuiTypography-colorError"
                >
                  We do not have the movie you're looking for
                </p>
              </li>
            </ul>
          </div>
          <a
            href="https://www.youtube.com/watch?v=oHg5SJYRHA0"
          >
            Maybe this can help
          </a>
        </div>
      </div>
      <div
        class="makeStyles-moviePage-7"
      >
        <div
          class="makeStyles-main-2"
        >
          <nav
            aria-label="pagination navigation"
            class="MuiPagination-root"
          >
            <ul
              class="MuiPagination-ul"
            >
              <li>
                <button
                  aria-label="Go to previous page"
                  class="MuiButtonBase-root MuiPaginationItem-root MuiPaginationItem-page MuiPaginationItem-textPrimary Mui-disabled MuiPaginationItem-sizeLarge Mui-disabled"
                  disabled=""
                  tabindex="-1"
                  type="button"
                >
                  <svg
                    aria-hidden="true"
                    class="MuiSvgIcon-root MuiPaginationItem-icon"
                    focusable="false"
                    viewBox="0 0 24 24"
                  >
                    <path
                      d="M15.41 7.41L14 6l-6 6 6 6 1.41-1.41L10.83 12z"
                    />
                  </svg>
                </button>
              </li>
              <li>
                <button
                  aria-label="Go to next page"
                  class="MuiButtonBase-root MuiPaginationItem-root MuiPaginationItem-page MuiPaginationItem-textPrimary Mui-disabled MuiPaginationItem-sizeLarge Mui-disabled"
                  disabled=""
                  tabindex="-1"
                  type="button"
                >
                  <svg
                    aria-hidden="true"
                    class="MuiSvgIcon-root MuiPaginationItem-icon"
                    focusable="false"
                    viewBox="0 0 24 24"
                  >
                    <path
                      d="M10 6L8.59 7.41 13.17 12l-4.58 4.59L10 18l6-6z"
                    />
                  </svg>
                </button>
              </li>
            </ul>
          </nav>
          <div
            class="MuiGrid-root makeStyles-movieGrid-4 MuiGrid-container MuiGrid-spacing-xs-4 MuiGrid-justify-xs-center"
          >
            <div
              class="MuiGrid-root makeStyles-gridItem-9 MuiGrid-item"
            >
              <div
                class="MuiPaper-root makeStyles-paper-11 MuiPaper-elevation1 MuiPaper-rounded"
              >
                <span
                  class="MuiSkeleton-root MuiSkeleton-rect MuiSkeleton-pulse"
                  style="width: 300px; height: 450px;"
                />
                <div
                  class="makeStyles-details-13"
                >
                  <span
                    class="MuiSkeleton-root MuiSkeleton-text makeStyles-margin10-19 MuiSkeleton-wave"
                    style="width: 180px; height: 40px;"
                  />
                  <span
                    class="MuiSkeleton-root MuiSkeleton-text makeStyles-margin10-19 MuiSkeleton-wave"
                    style="width: 200px; height: 2px;"
                  />
                  <span
                    class="MuiSkeleton-root MuiSkeleton-text makeStyles-margin10-19 MuiSkeleton-wave"
                    style="width: 170px; height: 40px;"
                  />
                  <span
                    class="MuiSkeleton-root MuiSkeleton-text makeStyles-margin10-19 MuiSkeleton-wave"
                    style="width: 130px; height: 40px;"
                  />
                </div>
              </div>
            </div>
            <div
              class="MuiGrid-root makeStyles-gridItem-9 MuiGrid-item"
            >
              <div
                class="MuiPaper-root makeStyles-paper-11 MuiPaper-elevation1 MuiPaper-rounded"
              >
                <span
                  class="MuiSkeleton-root MuiSkeleton-rect MuiSkeleton-pulse"
                  style="width: 300px; height: 450px;"
                />
                <div
                  class="makeStyles-details-13"
                >
                  <span
                    class="MuiSkeleton-root MuiSkeleton-text makeStyles-margin10-19 MuiSkeleton-wave"
                    style="width: 180px; height: 40px;"
                  />
                  <span
                    class="MuiSkeleton-root MuiSkeleton-text makeStyles-margin10-19 MuiSkeleton-wave"
                    style="width: 200px; height: 2px;"
                  />
                  <span
                    class="MuiSkeleton-root MuiSkeleton-text makeStyles-margin10-19 MuiSkeleton-wave"
                    style="width: 170px; height: 40px;"
                  />
                  <span
                    class="MuiSkeleton-root MuiSkeleton-text makeStyles-margin10-19 MuiSkeleton-wave"
                    style="width: 130px; height: 40px;"
                  />
                </div>
              </div>
            </div>
            <div
              class="MuiGrid-root makeStyles-gridItem-9 MuiGrid-item"
            >
              <div
                class="MuiPaper-root makeStyles-paper-11 MuiPaper-elevation1 MuiPaper-rounded"
              >
                <span
                  class="MuiSkeleton-root MuiSkeleton-rect MuiSkeleton-pulse"
                  style="width: 300px; height: 450px;"
                />
                <div
                  class="makeStyles-details-13"
                >
                  <span
                    class="MuiSkeleton-root MuiSkeleton-text makeStyles-margin10-19 MuiSkeleton-wave"
                    style="width: 180px; height: 40px;"
                  />
                  <span
                    class="MuiSkeleton-root MuiSkeleton-text makeStyles-margin10-19 MuiSkeleton-wave"
                    style="width: 200px; height: 2px;"
                  />
                  <span
                    class="MuiSkeleton-root MuiSkeleton-text makeStyles-margin10-19 MuiSkeleton-wave"
                    style="width: 170px; height: 40px;"
                  />
                  <span
                    class="MuiSkeleton-root MuiSkeleton-text makeStyles-margin10-19 MuiSkeleton-wave"
                    style="width: 130px; height: 40px;"
                  />
                </div>
              </div>
            </div>
            <div
              class="MuiGrid-root makeStyles-gridItem-9 MuiGrid-item"
            >
              <div
                class="MuiPaper-root makeStyles-paper-11 MuiPaper-elevation1 MuiPaper-rounded"
              >
                <span
                  class="MuiSkeleton-root MuiSkeleton-rect MuiSkeleton-pulse"
                  style="width: 300px; height: 450px;"
                />
                <div
                  class="makeStyles-details-13"
                >
                  <span
                    class="MuiSkeleton-root MuiSkeleton-text makeStyles-margin10-19 MuiSkeleton-wave"
                    style="width: 180px; height: 40px;"
                  />
                  <span
                    class="MuiSkeleton-root MuiSkeleton-text makeStyles-margin10-19 MuiSkeleton-wave"
                    style="width: 200px; height: 2px;"
                  />
                  <span
                    class="MuiSkeleton-root MuiSkeleton-text makeStyles-margin10-19 MuiSkeleton-wave"
                    style="width: 170px; height: 40px;"
                  />
                  <span
                    class="MuiSkeleton-root MuiSkeleton-text makeStyles-margin10-19 MuiSkeleton-wave"
                    style="width: 130px; height: 40px;"
                  />
                </div>
              </div>
            </div>
            <div
              class="MuiGrid-root makeStyles-gridItem-9 MuiGrid-item"
            >
              <div
                class="MuiPaper-root makeStyles-paper-11 MuiPaper-elevation1 MuiPaper-rounded"
              >
                <span
                  class="MuiSkeleton-root MuiSkeleton-rect MuiSkeleton-pulse"
                  style="width: 300px; height: 450px;"
                />
                <div
                  class="makeStyles-details-13"
                >
                  <span
                    class="MuiSkeleton-root MuiSkeleton-text makeStyles-margin10-19 MuiSkeleton-wave"
                    style="width: 180px; height: 40px;"
                  />
                  <span
                    class="MuiSkeleton-root MuiSkeleton-text makeStyles-margin10-19 MuiSkeleton-wave"
                    style="width: 200px; height: 2px;"
                  />
                  <span
                    class="MuiSkeleton-root MuiSkeleton-text makeStyles-margin10-19 MuiSkeleton-wave"
                    style="width: 170px; height: 40px;"
                  />
                  <span
                    class="MuiSkeleton-root MuiSkeleton-text makeStyles-margin10-19 MuiSkeleton-wave"
                    style="width: 130px; height: 40px;"
                  />
                </div>
              </div>
            </div>
            <div
              class="MuiGrid-root makeStyles-gridItem-9 MuiGrid-item"
            >
              <div
                class="MuiPaper-root makeStyles-paper-11 MuiPaper-elevation1 MuiPaper-rounded"
              >
                <span
                  class="MuiSkeleton-root MuiSkeleton-rect MuiSkeleton-pulse"
                  style="width: 300px; height: 450px;"
                />
                <div
                  class="makeStyles-details-13"
                >
                  <span
                    class="MuiSkeleton-root MuiSkeleton-text makeStyles-margin10-19 MuiSkeleton-wave"
                    style="width: 180px; height: 40px;"
                  />
                  <span
                    class="MuiSkeleton-root MuiSkeleton-text makeStyles-margin10-19 MuiSkeleton-wave"
                    style="width: 200px; height: 2px;"
                  />
                  <span
                    class="MuiSkeleton-root MuiSkeleton-text makeStyles-margin10-19 MuiSkeleton-wave"
                    style="width: 170px; height: 40px;"
                  />
                  <span
                    class="MuiSkeleton-root MuiSkeleton-text makeStyles-margin10-19 MuiSkeleton-wave"
                    style="width: 130px; height: 40px;"
                  />
                </div>
              </div>
            </div>
            <div
              class="MuiGrid-root makeStyles-gridItem-9 MuiGrid-item"
            >
              <div
                class="MuiPaper-root makeStyles-paper-11 MuiPaper-elevation1 MuiPaper-rounded"
              >
                <span
                  class="MuiSkeleton-root MuiSkeleton-rect MuiSkeleton-pulse"
                  style="width: 300px; height: 450px;"
                />
                <div
                  class="makeStyles-details-13"
                >
                  <span
                    class="MuiSkeleton-root MuiSkeleton-text makeStyles-margin10-19 MuiSkeleton-wave"
                    style="width: 180px; height: 40px;"
                  />
                  <span
                    class="MuiSkeleton-root MuiSkeleton-text makeStyles-margin10-19 MuiSkeleton-wave"
                    style="width: 200px; height: 2px;"
                  />
                  <span
                    class="MuiSkeleton-root MuiSkeleton-text makeStyles-margin10-19 MuiSkeleton-wave"
                    style="width: 170px; height: 40px;"
                  />
                  <span
                    class="MuiSkeleton-root MuiSkeleton-text makeStyles-margin10-19 MuiSkeleton-wave"
                    style="width: 130px; height: 40px;"
                  />
                </div>
              </div>
            </div>
            <div
              class="MuiGrid-root makeStyles-gridItem-9 MuiGrid-item"
            >
              <div
                class="MuiPaper-root makeStyles-paper-11 MuiPaper-elevation1 MuiPaper-rounded"
              >
                <span
                  class="MuiSkeleton-root MuiSkeleton-rect MuiSkeleton-pulse"
                  style="width: 300px; height: 450px;"
                />
                <div
                  class="makeStyles-details-13"
                >
                  <span
                    class="MuiSkeleton-root MuiSkeleton-text makeStyles-margin10-19 MuiSkeleton-wave"
                    style="width: 180px; height: 40px;"
                  />
                  <span
                    class="MuiSkeleton-root MuiSkeleton-text makeStyles-margin10-19 MuiSkeleton-wave"
                    style="width: 200px; height: 2px;"
                  />
                  <span
                    class="MuiSkeleton-root MuiSkeleton-text makeStyles-margin10-19 MuiSkeleton-wave"
                    style="width: 170px; height: 40px;"
                  />
                  <span
                    class="MuiSkeleton-root MuiSkeleton-text makeStyles-margin10-19 MuiSkeleton-wave"
                    style="width: 130px; height: 40px;"
                  />
                </div>
              </div>
            </div>
            <div
              class="MuiGrid-root makeStyles-gridItem-9 MuiGrid-item"
            >
              <div
                class="MuiPaper-root makeStyles-paper-11 MuiPaper-elevation1 MuiPaper-rounded"
              >
                <span
                  class="MuiSkeleton-root MuiSkeleton-rect MuiSkeleton-pulse"
                  style="width: 300px; height: 450px;"
                />
                <div
                  class="makeStyles-details-13"
                >
                  <span
                    class="MuiSkeleton-root MuiSkeleton-text makeStyles-margin10-19 MuiSkeleton-wave"
                    style="width: 180px; height: 40px;"
                  />
                  <span
                    class="MuiSkeleton-root MuiSkeleton-text makeStyles-margin10-19 MuiSkeleton-wave"
                    style="width: 200px; height: 2px;"
                  />
                  <span
                    class="MuiSkeleton-root MuiSkeleton-text makeStyles-margin10-19 MuiSkeleton-wave"
                    style="width: 170px; height: 40px;"
                  />
                  <span
                    class="MuiSkeleton-root MuiSkeleton-text makeStyles-margin10-19 MuiSkeleton-wave"
                    style="width: 130px; height: 40px;"
                  />
                </div>
              </div>
            </div>
            <div
              class="MuiGrid-root makeStyles-gridItem-9 MuiGrid-item"
            >
              <div
                class="MuiPaper-root makeStyles-paper-11 MuiPaper-elevation1 MuiPaper-rounded"
              >
                <span
                  class="MuiSkeleton-root MuiSkeleton-rect MuiSkeleton-pulse"
                  style="width: 300px; height: 450px;"
                />
                <div
                  class="makeStyles-details-13"
                >
                  <span
                    class="MuiSkeleton-root MuiSkeleton-text makeStyles-margin10-19 MuiSkeleton-wave"
                    style="width: 180px; height: 40px;"
                  />
                  <span
                    class="MuiSkeleton-root MuiSkeleton-text makeStyles-margin10-19 MuiSkeleton-wave"
                    style="width: 200px; height: 2px;"
                  />
                  <span
                    class="MuiSkeleton-root MuiSkeleton-text makeStyles-margin10-19 MuiSkeleton-wave"
                    style="width: 170px; height: 40px;"
                  />
                  <span
                    class="MuiSkeleton-root MuiSkeleton-text makeStyles-margin10-19 MuiSkeleton-wave"
                    style="width: 130px; height: 40px;"
                  />
                </div>
              </div>
            </div>
            <div
              class="MuiGrid-root makeStyles-gridItem-9 MuiGrid-item"
            >
              <div
                class="MuiPaper-root makeStyles-paper-11 MuiPaper-elevation1 MuiPaper-rounded"
              >
                <span
                  class="MuiSkeleton-root MuiSkeleton-rect MuiSkeleton-pulse"
                  style="width: 300px; height: 450px;"
                />
                <div
                  class="makeStyles-details-13"
                >
                  <span
                    class="MuiSkeleton-root MuiSkeleton-text makeStyles-margin10-19 MuiSkeleton-wave"
                    style="width: 180px; height: 40px;"
                  />
                  <span
                    class="MuiSkeleton-root MuiSkeleton-text makeStyles-margin10-19 MuiSkeleton-wave"
                    style="width: 200px; height: 2px;"
                  />
                  <span
                    class="MuiSkeleton-root MuiSkeleton-text makeStyles-margin10-19 MuiSkeleton-wave"
                    style="width: 170px; height: 40px;"
                  />
                  <span
                    class="MuiSkeleton-root MuiSkeleton-text makeStyles-margin10-19 MuiSkeleton-wave"
                    style="width: 130px; height: 40px;"
                  />
                </div>
              </div>
            </div>
            <div
              class="MuiGrid-root makeStyles-gridItem-9 MuiGrid-item"
            >
              <div
                class="MuiPaper-root makeStyles-paper-11 MuiPaper-elevation1 MuiPaper-rounded"
              >
                <span
                  class="MuiSkeleton-root MuiSkeleton-rect MuiSkeleton-pulse"
                  style="width: 300px; height: 450px;"
                />
                <div
                  class="makeStyles-details-13"
                >
                  <span
                    class="MuiSkeleton-root MuiSkeleton-text makeStyles-margin10-19 MuiSkeleton-wave"
                    style="width: 180px; height: 40px;"
                  />
                  <span
                    class="MuiSkeleton-root MuiSkeleton-text makeStyles-margin10-19 MuiSkeleton-wave"
                    style="width: 200px; height: 2px;"
                  />
                  <span
                    class="MuiSkeleton-root MuiSkeleton-text makeStyles-margin10-19 MuiSkeleton-wave"
                    style="width: 170px; height: 40px;"
                  />
                  <span
                    class="MuiSkeleton-root MuiSkeleton-text makeStyles-margin10-19 MuiSkeleton-wave"
                    style="width: 130px; height: 40px;"
                  />
                </div>
              </div>
            </div>
            <div
              class="MuiGrid-root makeStyles-gridItem-9 MuiGrid-item"
            >
              <div
                class="MuiPaper-root makeStyles-paper-11 MuiPaper-elevation1 MuiPaper-rounded"
              >
                <span
                  class="MuiSkeleton-root MuiSkeleton-rect MuiSkeleton-pulse"
                  style="width: 300px; height: 450px;"
                />
                <div
                  class="makeStyles-details-13"
                >
                  <span
                    class="MuiSkeleton-root MuiSkeleton-text makeStyles-margin10-19 MuiSkeleton-wave"
                    style="width: 180px; height: 40px;"
                  />
                  <span
                    class="MuiSkeleton-root MuiSkeleton-text makeStyles-margin10-19 MuiSkeleton-wave"
                    style="width: 200px; height: 2px;"
                  />
                  <span
                    class="MuiSkeleton-root MuiSkeleton-text makeStyles-margin10-19 MuiSkeleton-wave"
                    style="width: 170px; height: 40px;"
                  />
                  <span
                    class="MuiSkeleton-root MuiSkeleton-text makeStyles-margin10-19 MuiSkeleton-wave"
                    style="width: 130px; height: 40px;"
                  />
                </div>
              </div>
            </div>
            <div
              class="MuiGrid-root makeStyles-gridItem-9 MuiGrid-item"
            >
              <div
                class="MuiPaper-root makeStyles-paper-11 MuiPaper-elevation1 MuiPaper-rounded"
              >
                <span
                  class="MuiSkeleton-root MuiSkeleton-rect MuiSkeleton-pulse"
                  style="width: 300px; height: 450px;"
                />
                <div
                  class="makeStyles-details-13"
                >
                  <span
                    class="MuiSkeleton-root MuiSkeleton-text makeStyles-margin10-19 MuiSkeleton-wave"
                    style="width: 180px; height: 40px;"
                  />
                  <span
                    class="MuiSkeleton-root MuiSkeleton-text makeStyles-margin10-19 MuiSkeleton-wave"
                    style="width: 200px; height: 2px;"
                  />
                  <span
                    class="MuiSkeleton-root MuiSkeleton-text makeStyles-margin10-19 MuiSkeleton-wave"
                    style="width: 170px; height: 40px;"
                  />
                  <span
                    class="MuiSkeleton-root MuiSkeleton-text makeStyles-margin10-19 MuiSkeleton-wave"
                    style="width: 130px; height: 40px;"
                  />
                </div>
              </div>
            </div>
            <div
              class="MuiGrid-root makeStyles-gridItem-9 MuiGrid-item"
            >
              <div
                class="MuiPaper-root makeStyles-paper-11 MuiPaper-elevation1 MuiPaper-rounded"
              >
                <span
                  class="MuiSkeleton-root MuiSkeleton-rect MuiSkeleton-pulse"
                  style="width: 300px; height: 450px;"
                />
                <div
                  class="makeStyles-details-13"
                >
                  <span
                    class="MuiSkeleton-root MuiSkeleton-text makeStyles-margin10-19 MuiSkeleton-wave"
                    style="width: 180px; height: 40px;"
                  />
                  <span
                    class="MuiSkeleton-root MuiSkeleton-text makeStyles-margin10-19 MuiSkeleton-wave"
                    style="width: 200px; height: 2px;"
                  />
                  <span
                    class="MuiSkeleton-root MuiSkeleton-text makeStyles-margin10-19 MuiSkeleton-wave"
                    style="width: 170px; height: 40px;"
                  />
                  <span
                    class="MuiSkeleton-root MuiSkeleton-text makeStyles-margin10-19 MuiSkeleton-wave"
                    style="width: 130px; height: 40px;"
                  />
                </div>
              </div>
            </div>
            <div
              class="MuiGrid-root makeStyles-gridItem-9 MuiGrid-item"
            >
              <div
                class="MuiPaper-root makeStyles-paper-11 MuiPaper-elevation1 MuiPaper-rounded"
              >
                <span
                  class="MuiSkeleton-root MuiSkeleton-rect MuiSkeleton-pulse"
                  style="width: 300px; height: 450px;"
                />
                <div
                  class="makeStyles-details-13"
                >
                  <span
                    class="MuiSkeleton-root MuiSkeleton-text makeStyles-margin10-19 MuiSkeleton-wave"
                    style="width: 180px; height: 40px;"
                  />
                  <span
                    class="MuiSkeleton-root MuiSkeleton-text makeStyles-margin10-19 MuiSkeleton-wave"
                    style="width: 200px; height: 2px;"
                  />
                  <span
                    class="MuiSkeleton-root MuiSkeleton-text makeStyles-margin10-19 MuiSkeleton-wave"
                    style="width: 170px; height: 40px;"
                  />
                  <span
                    class="MuiSkeleton-root MuiSkeleton-text makeStyles-margin10-19 MuiSkeleton-wave"
                    style="width: 130px; height: 40px;"
                  />
                </div>
              </div>
            </div>
            <div
              class="MuiGrid-root makeStyles-gridItem-9 MuiGrid-item"
            >
              <div
                class="MuiPaper-root makeStyles-paper-11 MuiPaper-elevation1 MuiPaper-rounded"
              >
                <span
                  class="MuiSkeleton-root MuiSkeleton-rect MuiSkeleton-pulse"
                  style="width: 300px; height: 450px;"
                />
                <div
                  class="makeStyles-details-13"
                >
                  <span
                    class="MuiSkeleton-root MuiSkeleton-text makeStyles-margin10-19 MuiSkeleton-wave"
                    style="width: 180px; height: 40px;"
                  />
                  <span
                    class="MuiSkeleton-root MuiSkeleton-text makeStyles-margin10-19 MuiSkeleton-wave"
                    style="width: 200px; height: 2px;"
                  />
                  <span
                    class="MuiSkeleton-root MuiSkeleton-text makeStyles-margin10-19 MuiSkeleton-wave"
                    style="width: 170px; height: 40px;"
                  />
                  <span
                    class="MuiSkeleton-root MuiSkeleton-text makeStyles-margin10-19 MuiSkeleton-wave"
                    style="width: 130px; height: 40px;"
                  />
                </div>
              </div>
            </div>
            <div
              class="MuiGrid-root makeStyles-gridItem-9 MuiGrid-item"
            >
              <div
                class="MuiPaper-root makeStyles-paper-11 MuiPaper-elevation1 MuiPaper-rounded"
              >
                <span
                  class="MuiSkeleton-root MuiSkeleton-rect MuiSkeleton-pulse"
                  style="width: 300px; height: 450px;"
                />
                <div
                  class="makeStyles-details-13"
                >
                  <span
                    class="MuiSkeleton-root MuiSkeleton-text makeStyles-margin10-19 MuiSkeleton-wave"
                    style="width: 180px; height: 40px;"
                  />
                  <span
                    class="MuiSkeleton-root MuiSkeleton-text makeStyles-margin10-19 MuiSkeleton-wave"
                    style="width: 200px; height: 2px;"
                  />
                  <span
                    class="MuiSkeleton-root MuiSkeleton-text makeStyles-margin10-19 MuiSkeleton-wave"
                    style="width: 170px; height: 40px;"
                  />
                  <span
                    class="MuiSkeleton-root MuiSkeleton-text makeStyles-margin10-19 MuiSkeleton-wave"
                    style="width: 130px; height: 40px;"
                  />
                </div>
              </div>
            </div>
            <div
              class="MuiGrid-root makeStyles-gridItem-9 MuiGrid-item"
            >
              <div
                class="MuiPaper-root makeStyles-paper-11 MuiPaper-elevation1 MuiPaper-rounded"
              >
                <span
                  class="MuiSkeleton-root MuiSkeleton-rect MuiSkeleton-pulse"
                  style="width: 300px; height: 450px;"
                />
                <div
                  class="makeStyles-details-13"
                >
                  <span
                    class="MuiSkeleton-root MuiSkeleton-text makeStyles-margin10-19 MuiSkeleton-wave"
                    style="width: 180px; height: 40px;"
                  />
                  <span
                    class="MuiSkeleton-root MuiSkeleton-text makeStyles-margin10-19 MuiSkeleton-wave"
                    style="width: 200px; height: 2px;"
                  />
                  <span
                    class="MuiSkeleton-root MuiSkeleton-text makeStyles-margin10-19 MuiSkeleton-wave"
                    style="width: 170px; height: 40px;"
                  />
                  <span
                    class="MuiSkeleton-root MuiSkeleton-text makeStyles-margin10-19 MuiSkeleton-wave"
                    style="width: 130px; height: 40px;"
                  />
                </div>
              </div>
            </div>
            <div
              class="MuiGrid-root makeStyles-gridItem-9 MuiGrid-item"
            >
              <div
                class="MuiPaper-root makeStyles-paper-11 MuiPaper-elevation1 MuiPaper-rounded"
              >
                <span
                  class="MuiSkeleton-root MuiSkeleton-rect MuiSkeleton-pulse"
                  style="width: 300px; height: 450px;"
                />
                <div
                  class="makeStyles-details-13"
                >
                  <span
                    class="MuiSkeleton-root MuiSkeleton-text makeStyles-margin10-19 MuiSkeleton-wave"
                    style="width: 180px; height: 40px;"
                  />
                  <span
                    class="MuiSkeleton-root MuiSkeleton-text makeStyles-margin10-19 MuiSkeleton-wave"
                    style="width: 200px; height: 2px;"
                  />
                  <span
                    class="MuiSkeleton-root MuiSkeleton-text makeStyles-margin10-19 MuiSkeleton-wave"
                    style="width: 170px; height: 40px;"
                  />
                  <span
                    class="MuiSkeleton-root MuiSkeleton-text makeStyles-margin10-19 MuiSkeleton-wave"
                    style="width: 130px; height: 40px;"
                  />
                </div>
              </div>
            </div>
            <div
              class="MuiGrid-root makeStyles-gridItem-9 MuiGrid-item"
            >
              <div
                class="MuiPaper-root makeStyles-paper-11 MuiPaper-elevation1 MuiPaper-rounded"
              >
                <span
                  class="MuiSkeleton-root MuiSkeleton-rect MuiSkeleton-pulse"
                  style="width: 300px; height: 450px;"
                />
                <div
                  class="makeStyles-details-13"
                >
                  <span
                    class="MuiSkeleton-root MuiSkeleton-text makeStyles-margin10-19 MuiSkeleton-wave"
                    style="width: 180px; height: 40px;"
                  />
                  <span
                    class="MuiSkeleton-root MuiSkeleton-text makeStyles-margin10-19 MuiSkeleton-wave"
                    style="width: 200px; height: 2px;"
                  />
                  <span
                    class="MuiSkeleton-root MuiSkeleton-text makeStyles-margin10-19 MuiSkeleton-wave"
                    style="width: 170px; height: 40px;"
                  />
                  <span
                    class="MuiSkeleton-root MuiSkeleton-text makeStyles-margin10-19 MuiSkeleton-wave"
                    style="width: 130px; height: 40px;"
                  />
                </div>
              </div>
            </div>
            <div
              class="MuiGrid-root makeStyles-gridItem-9 MuiGrid-item"
            >
              <div
                class="MuiPaper-root makeStyles-paper-11 MuiPaper-elevation1 MuiPaper-rounded"
              >
                <span
                  class="MuiSkeleton-root MuiSkeleton-rect MuiSkeleton-pulse"
                  style="width: 300px; height: 450px;"
                />
                <div
                  class="makeStyles-details-13"
                >
                  <span
                    class="MuiSkeleton-root MuiSkeleton-text makeStyles-margin10-19 MuiSkeleton-wave"
                    style="width: 180px; height: 40px;"
                  />
                  <span
                    class="MuiSkeleton-root MuiSkeleton-text makeStyles-margin10-19 MuiSkeleton-wave"
                    style="width: 200px; height: 2px;"
                  />
                  <span
                    class="MuiSkeleton-root MuiSkeleton-text makeStyles-margin10-19 MuiSkeleton-wave"
                    style="width: 170px; height: 40px;"
                  />
                  <span
                    class="MuiSkeleton-root MuiSkeleton-text makeStyles-margin10-19 MuiSkeleton-wave"
                    style="width: 130px; height: 40px;"
                  />
                </div>
              </div>
            </div>
            <div
              class="MuiGrid-root makeStyles-gridItem-9 MuiGrid-item"
            >
              <div
                class="MuiPaper-root makeStyles-paper-11 MuiPaper-elevation1 MuiPaper-rounded"
              >
                <span
                  class="MuiSkeleton-root MuiSkeleton-rect MuiSkeleton-pulse"
                  style="width: 300px; height: 450px;"
                />
                <div
                  class="makeStyles-details-13"
                >
                  <span
                    class="MuiSkeleton-root MuiSkeleton-text makeStyles-margin10-19 MuiSkeleton-wave"
                    style="width: 180px; height: 40px;"
                  />
                  <span
                    class="MuiSkeleton-root MuiSkeleton-text makeStyles-margin10-19 MuiSkeleton-wave"
                    style="width: 200px; height: 2px;"
                  />
                  <span
                    class="MuiSkeleton-root MuiSkeleton-text makeStyles-margin10-19 MuiSkeleton-wave"
                    style="width: 170px; height: 40px;"
                  />
                  <span
                    class="MuiSkeleton-root MuiSkeleton-text makeStyles-margin10-19 MuiSkeleton-wave"
                    style="width: 130px; height: 40px;"
                  />
                </div>
              </div>
            </div>
            <div
              class="MuiGrid-root makeStyles-gridItem-9 MuiGrid-item"
            >
              <div
                class="MuiPaper-root makeStyles-paper-11 MuiPaper-elevation1 MuiPaper-rounded"
              >
                <span
                  class="MuiSkeleton-root MuiSkeleton-rect MuiSkeleton-pulse"
                  style="width: 300px; height: 450px;"
                />
                <div
                  class="makeStyles-details-13"
                >
                  <span
                    class="MuiSkeleton-root MuiSkeleton-text makeStyles-margin10-19 MuiSkeleton-wave"
                    style="width: 180px; height: 40px;"
                  />
                  <span
                    class="MuiSkeleton-root MuiSkeleton-text makeStyles-margin10-19 MuiSkeleton-wave"
                    style="width: 200px; height: 2px;"
                  />
                  <span
                    class="MuiSkeleton-root MuiSkeleton-text makeStyles-margin10-19 MuiSkeleton-wave"
                    style="width: 170px; height: 40px;"
                  />
                  <span
                    class="MuiSkeleton-root MuiSkeleton-text makeStyles-margin10-19 MuiSkeleton-wave"
                    style="width: 130px; height: 40px;"
                  />
                </div>
              </div>
            </div>
          </div>
          <nav
            aria-label="pagination navigation"
            class="MuiPagination-root"
          >
            <ul
              class="MuiPagination-ul"
            >
              <li>
                <button
                  aria-label="Go to previous page"
                  class="MuiButtonBase-root MuiPaginationItem-root MuiPaginationItem-page MuiPaginationItem-textPrimary Mui-disabled MuiPaginationItem-sizeLarge Mui-disabled"
                  disabled=""
                  tabindex="-1"
                  type="button"
                >
                  <svg
                    aria-hidden="true"
                    class="MuiSvgIcon-root MuiPaginationItem-icon"
                    focusable="false"
                    viewBox="0 0 24 24"
                  >
                    <path
                      d="M15.41 7.41L14 6l-6 6 6 6 1.41-1.41L10.83 12z"
                    />
                  </svg>
                </button>
              </li>
              <li>
                <button
                  aria-label="Go to next page"
                  class="MuiButtonBase-root MuiPaginationItem-root MuiPaginationItem-page MuiPaginationItem-textPrimary Mui-disabled MuiPaginationItem-sizeLarge Mui-disabled"
                  disabled=""
                  tabindex="-1"
                  type="button"
                >
                  <svg
                    aria-hidden="true"
                    class="MuiSvgIcon-root MuiPaginationItem-icon"
                    focusable="false"
                    viewBox="0 0 24 24"
                  >
                    <path
                      d="M10 6L8.59 7.41 13.17 12l-4.58 4.59L10 18l6-6z"
                    />
                  </svg>
                </button>
              </li>
            </ul>
          </nav>
        </div>
      </div>
    </div>
  </div>,
  "debug": [Function],
  "findAllByAltText": [Function],
  "findAllByDisplayValue": [Function],
  "findAllByLabelText": [Function],
  "findAllByPlaceholderText": [Function],
  "findAllByRole": [Function],
  "findAllByTestId": [Function],
  "findAllByText": [Function],
  "findAllByTitle": [Function],
  "findByAltText": [Function],
  "findByDisplayValue": [Function],
  "findByLabelText": [Function],
  "findByPlaceholderText": [Function],
  "findByRole": [Function],
  "findByTestId": [Function],
  "findByText": [Function],
  "findByTitle": [Function],
  "getAllByAltText": [Function],
  "getAllByDisplayValue": [Function],
  "getAllByLabelText": [Function],
  "getAllByPlaceholderText": [Function],
  "getAllByRole": [Function],
  "getAllByTestId": [Function],
  "getAllByText": [Function],
  "getAllByTitle": [Function],
  "getByAltText": [Function],
  "getByDisplayValue": [Function],
  "getByLabelText": [Function],
  "getByPlaceholderText": [Function],
  "getByRole": [Function],
  "getByTestId": [Function],
  "getByText": [Function],
  "getByTitle": [Function],
  "queryAllByAltText": [Function],
  "queryAllByDisplayValue": [Function],
  "queryAllByLabelText": [Function],
  "queryAllByPlaceholderText": [Function],
  "queryAllByRole": [Function],
  "queryAllByTestId": [Function],
  "queryAllByText": [Function],
  "queryAllByTitle": [Function],
  "queryByAltText": [Function],
  "queryByDisplayValue": [Function],
  "queryByLabelText": [Function],
  "queryByPlaceholderText": [Function],
  "queryByRole": [Function],
  "queryByTestId": [Function],
  "queryByText": [Function],
  "queryByTitle": [Function],
  "rerender": [Function],
  "unmount": [Function],
}
`;

exports[`Test to see if the sort button renders with our mock function, and passes props correctly Rendering of button 1`] = `
<div>
  <div
    class="MuiPaper-root makeStyles-slider-20 MuiPaper-elevation1 MuiPaper-rounded"
  >
    <span
      class="MuiSlider-root MuiSlider-colorPrimary makeStyles-sliderRange-23"
    >
      <span
        class="MuiSlider-rail"
      />
      <span
        class="MuiSlider-track"
        style="left: 0%; width: 0%;"
      />
      <input
        type="hidden"
        value="1900,1900"
      />
      <span
        class="MuiSlider-mark MuiSlider-markActive"
        data-index="0"
        style="left: 0%;"
      />
      <span
        class="MuiSlider-mark"
        data-index="1"
        style="left: 4.166666666666667%;"
      />
      <span
        class="MuiSlider-mark"
        data-index="2"
        style="left: 8.333333333333334%;"
      />
      <span
        class="MuiSlider-mark"
        data-index="3"
        style="left: 12.5%;"
      />
      <span
        class="MuiSlider-mark"
        data-index="4"
        style="left: 16.666666666666668%;"
      />
      <span
        class="MuiSlider-mark"
        data-index="5"
        style="left: 20.833333333333332%;"
      />
      <span
        class="MuiSlider-mark"
        data-index="6"
        style="left: 25%;"
      />
      <span
        class="MuiSlider-mark"
        data-index="7"
        style="left: 29.166666666666668%;"
      />
      <span
        class="MuiSlider-mark"
        data-index="8"
        style="left: 33.333333333333336%;"
      />
      <span
        class="MuiSlider-mark"
        data-index="9"
        style="left: 37.5%;"
      />
      <span
        class="MuiSlider-mark"
        data-index="10"
        style="left: 41.666666666666664%;"
      />
      <span
        class="MuiSlider-mark"
        data-index="11"
        style="left: 45.833333333333336%;"
      />
      <span
        class="MuiSlider-mark"
        data-index="12"
        style="left: 50%;"
      />
      <span
        class="MuiSlider-mark"
        data-index="13"
        style="left: 54.166666666666664%;"
      />
      <span
        class="MuiSlider-mark"
        data-index="14"
        style="left: 58.333333333333336%;"
      />
      <span
        class="MuiSlider-mark"
        data-index="15"
        style="left: 62.5%;"
      />
      <span
        class="MuiSlider-mark"
        data-index="16"
        style="left: 66.66666666666667%;"
      />
      <span
        class="MuiSlider-mark"
        data-index="17"
        style="left: 70.83333333333333%;"
      />
      <span
        class="MuiSlider-mark"
        data-index="18"
        style="left: 75%;"
      />
      <span
        class="MuiSlider-mark"
        data-index="19"
        style="left: 79.16666666666667%;"
      />
      <span
        class="MuiSlider-mark"
        data-index="20"
        style="left: 83.33333333333333%;"
      />
      <span
        class="MuiSlider-mark"
        data-index="21"
        style="left: 87.5%;"
      />
      <span
        class="MuiSlider-mark"
        data-index="22"
        style="left: 91.66666666666667%;"
      />
      <span
        class="MuiSlider-mark"
        data-index="23"
        style="left: 95.83333333333333%;"
      />
      <span
        class="MuiSlider-mark"
        data-index="24"
        style="left: 100%;"
      />
      <span
        aria-orientation="horizontal"
        aria-valuemax="2020"
        aria-valuemin="1900"
        aria-valuenow="1900"
        class="MuiSlider-thumb MuiSlider-thumbColorPrimary PrivateValueLabel-thumb-24"
        data-index="0"
        role="slider"
        style="left: 0%;"
        tabindex="0"
      >
        <span
          class="PrivateValueLabel-offset-26 MuiSlider-valueLabel"
        >
          <span
            class="PrivateValueLabel-circle-27"
          >
            <span
              class="PrivateValueLabel-label-28"
            >
              1900
            </span>
          </span>
        </span>
      </span>
      <span
        aria-orientation="horizontal"
        aria-valuemax="2020"
        aria-valuemin="1900"
        aria-valuenow="1900"
        class="MuiSlider-thumb MuiSlider-thumbColorPrimary PrivateValueLabel-thumb-24"
        data-index="1"
        role="slider"
        style="left: 0%;"
        tabindex="0"
      >
        <span
          class="PrivateValueLabel-offset-26 MuiSlider-valueLabel"
        >
          <span
            class="PrivateValueLabel-circle-27"
          >
            <span
              class="PrivateValueLabel-label-28"
            >
              1900
            </span>
          </span>
        </span>
      </span>
    </span>
    <div
      class="makeStyles-sliderLabel-21"
    >
      <h3>
        10
      </h3>
      <h2>
        Year
      </h2>
      <h3>
        100
      </h3>
    </div>
  </div>
</div>
`;
