// Jest Snapshot v1, https://goo.gl/fbAQLP

exports[`Test to see if the sort button renders with our mock function, and passes props correctly Rendering of button 1`] = `
<div>
  <div
    class="MuiPaper-root makeStyles-slider-1 MuiPaper-elevation1 MuiPaper-rounded"
  >
    <span
      class="MuiSlider-root MuiSlider-colorPrimary makeStyles-sliderRange-4"
    >
      <span
        class="MuiSlider-rail"
      />
      <span
        class="MuiSlider-track"
        style="left: 0%; width: 0%;"
      />
      <input
        type="hidden"
        value="1900,1900"
      />
      <span
        class="MuiSlider-mark MuiSlider-markActive"
        data-index="0"
        style="left: 0%;"
      />
      <span
        class="MuiSlider-mark"
        data-index="1"
        style="left: 4.166666666666667%;"
      />
      <span
        class="MuiSlider-mark"
        data-index="2"
        style="left: 8.333333333333334%;"
      />
      <span
        class="MuiSlider-mark"
        data-index="3"
        style="left: 12.5%;"
      />
      <span
        class="MuiSlider-mark"
        data-index="4"
        style="left: 16.666666666666668%;"
      />
      <span
        class="MuiSlider-mark"
        data-index="5"
        style="left: 20.833333333333332%;"
      />
      <span
        class="MuiSlider-mark"
        data-index="6"
        style="left: 25%;"
      />
      <span
        class="MuiSlider-mark"
        data-index="7"
        style="left: 29.166666666666668%;"
      />
      <span
        class="MuiSlider-mark"
        data-index="8"
        style="left: 33.333333333333336%;"
      />
      <span
        class="MuiSlider-mark"
        data-index="9"
        style="left: 37.5%;"
      />
      <span
        class="MuiSlider-mark"
        data-index="10"
        style="left: 41.666666666666664%;"
      />
      <span
        class="MuiSlider-mark"
        data-index="11"
        style="left: 45.833333333333336%;"
      />
      <span
        class="MuiSlider-mark"
        data-index="12"
        style="left: 50%;"
      />
      <span
        class="MuiSlider-mark"
        data-index="13"
        style="left: 54.166666666666664%;"
      />
      <span
        class="MuiSlider-mark"
        data-index="14"
        style="left: 58.333333333333336%;"
      />
      <span
        class="MuiSlider-mark"
        data-index="15"
        style="left: 62.5%;"
      />
      <span
        class="MuiSlider-mark"
        data-index="16"
        style="left: 66.66666666666667%;"
      />
      <span
        class="MuiSlider-mark"
        data-index="17"
        style="left: 70.83333333333333%;"
      />
      <span
        class="MuiSlider-mark"
        data-index="18"
        style="left: 75%;"
      />
      <span
        class="MuiSlider-mark"
        data-index="19"
        style="left: 79.16666666666667%;"
      />
      <span
        class="MuiSlider-mark"
        data-index="20"
        style="left: 83.33333333333333%;"
      />
      <span
        class="MuiSlider-mark"
        data-index="21"
        style="left: 87.5%;"
      />
      <span
        class="MuiSlider-mark"
        data-index="22"
        style="left: 91.66666666666667%;"
      />
      <span
        class="MuiSlider-mark"
        data-index="23"
        style="left: 95.83333333333333%;"
      />
      <span
        class="MuiSlider-mark"
        data-index="24"
        style="left: 100%;"
      />
      <span
        aria-orientation="horizontal"
        aria-valuemax="2020"
        aria-valuemin="1900"
        aria-valuenow="1900"
        class="MuiSlider-thumb MuiSlider-thumbColorPrimary PrivateValueLabel-thumb-5"
        data-index="0"
        role="slider"
        style="left: 0%;"
        tabindex="0"
      >
        <span
          class="PrivateValueLabel-offset-7 MuiSlider-valueLabel"
        >
          <span
            class="PrivateValueLabel-circle-8"
          >
            <span
              class="PrivateValueLabel-label-9"
            >
              1900
            </span>
          </span>
        </span>
      </span>
      <span
        aria-orientation="horizontal"
        aria-valuemax="2020"
        aria-valuemin="1900"
        aria-valuenow="1900"
        class="MuiSlider-thumb MuiSlider-thumbColorPrimary PrivateValueLabel-thumb-5"
        data-index="1"
        role="slider"
        style="left: 0%;"
        tabindex="0"
      >
        <span
          class="PrivateValueLabel-offset-7 MuiSlider-valueLabel"
        >
          <span
            class="PrivateValueLabel-circle-8"
          >
            <span
              class="PrivateValueLabel-label-9"
            >
              1900
            </span>
          </span>
        </span>
      </span>
    </span>
    <div
      class="makeStyles-sliderLabel-2"
    >
      <h3>
        10
      </h3>
      <h2>
        Year
      </h2>
      <h3>
        100
      </h3>
    </div>
  </div>
</div>
`;
